<html>
<body>
<pre>
<h1>礦ision Build Log</h1>
<h2>Tool Versions:</h2>
IDE-Version: μVision V5.30.0.0
Copyright (C) 2020 ARM Ltd and ARM Germany GmbH. All rights reserved.
License Information: xzc x455814246@126.com, xzc, LIC=EPPLD-87VAL-PHP89-4VMDZ-1JVCU-JC64H
 
Tool Versions:
Toolchain:       MDK-ARM Professional  Version: 5.30.0.0
Toolchain Path:  E:\software\Keil_v5\ARM\ARMCC\Bin
C Compiler:      Armcc.exe V5.06 update 6 (build 750)
Assembler:       Armasm.exe V5.06 update 6 (build 750)
Linker/Locator:  ArmLink.exe V5.06 update 6 (build 750)
Library Manager: ArmAr.exe V5.06 update 6 (build 750)
Hex Converter:   FromElf.exe V5.06 update 6 (build 750)
CPU DLL:         SARMCM3.DLL V5.30.0.0
Dialog DLL:      DCM.DLL V1.17.3.0
Target DLL:      STLink\ST-LINKIII-KEIL_SWO.dll V3.0.7.0
Dialog DLL:      TCM.DLL V1.42.0.0
 
<h2>Project:</h2>
D:\document_of_study\资料\电子工程类\单片机项目\stm32系列\stm32h743iit6\matrix_stm32h743iit6OS\USER\UART.uvprojx
Project File Date:  06/26/2020

<h2>Output:</h2>
*** Using Compiler 'V5.06 update 6 (build 750)', folder: 'E:\software\Keil_v5\ARM\ARMCC\Bin'
Build target 'UART'
assembling startup_stm32h743xx.s...
compiling stm32h7xx_it.c...
compiling stm32h7xx_hal_msp.c...
compiling system_stm32h7xx.c...
compiling globalspace.c...
compiling delay.c...
compiling usart.c...
compiling sys.c...
compiling matrix_core.c...
compiling main.c...
compiling stm32h7xx_hal.c...
compiling stm32h7xx_hal_cortex.c...
compiling stm32h7xx_hal_dma_ex.c...
compiling stm32h7xx_hal_dma.c...
compiling stm32h7xx_hal_gpio.c...
compiling stm32h7xx_hal_pwr.c...
compiling stm32h7xx_hal_uart_ex.c...
compiling stm32h7xx_hal_mdma.c...
compiling stm32h7xx_hal_pwr_ex.c...
compiling stm32h7xx_hal_rcc.c...
compiling stm32h7xx_hal_rcc_ex.c...
compiling stm32h7xx_hal_usart.c...
compiling stm32h7xx_hal_uart.c...
compiling stm32h7xx_ll_fmc.c...
compiling stm32h7xx_hal_tim_ex.c...
compiling stm32h7xx_hal_rng.c...
compiling stm32h7xx_hal_sram.c...
compiling stm32h7xx_hal_sdram.c...
compiling stm32h7xx_hal_flash.c...
compiling stm32h7xx_hal_adc_ex.c...
compiling stm32h7xx_hal_adc.c...
compiling stm32h7xx_hal_tim.c...
compiling stm32h7xx_hal_flash_ex.c...
compiling stm32h7xx_hal_spi.c...
compiling stm32h7xx_hal_spi_ex.c...
compiling led.c...
compiling stm32h7xx_hal_rtc.c...
compiling key.c...
compiling stm32h7xx_hal_rtc_ex.c...
compiling rng.c...
compiling sdram.c...
compiling zlg7290.c...
compiling ads1256.c...
compiling lcd.c...
compiling inneradc.c...
compiling iap.c...
compiling 24l01.c...
compiling oledspi.c...
compiling roll.c...
compiling hmc830.c...
compiling uartlcd.c...
..\HARDWARE\UARTLCD\uartlcd.c(104): warning:  #111-D: statement is unreachable
  		case 0:return rx[code_id];break;
..\HARDWARE\UARTLCD\uartlcd.c(105): warning:  #111-D: statement is unreachable
  		case 1:return tx[code_id];break;
..\HARDWARE\UARTLCD\uartlcd.c: 2 warnings, 0 errors
compiling fpga_spi.c...
compiling exti.c...
compiling mpu.c...
compiling atkesp_apsta.c...
compiling malloc.c...
compiling atkesp_wifiap.c...
compiling atkesp_wifista.c...
compiling atkesp8266.c...
compiling ad8302.c...
compiling ad9959.c...
compiling olediic.c...
compiling ad9957_eval.c...
..\HARDWARE\AD9957_EVAL\ad9957_eval.c(413): warning:  #550-D: variable "addr"  was set but never used
  	unsigned int Temp = 0x00000000, var1 = 0x00000000, var2 = 0x00000000, addr;
..\HARDWARE\AD9957_EVAL\ad9957_eval.c(543): warning:  #550-D: variable "var2"  was set but never used
  	unsigned int Temp1 = 0x0000000, var1, var2;
..\HARDWARE\AD9957_EVAL\ad9957_eval.c(595): warning:  #550-D: variable "var2"  was set but never used
  	unsigned int temp = 0x000000, var1, var2;
..\HARDWARE\AD9957_EVAL\ad9957_eval.c: 3 warnings, 0 errors
compiling tjc_usartlcd.c...
compiling ads1274.c...
compiling rtc.c...
compiling adf4351.c...
compiling uarteth.c...
compiling dsp_filter.c...
compiling usmart_config.c...
compiling basic_calculation.c...
compiling usmart.c...
compiling retarget_io.c...
compiling usmart_str.c...
compiling center.c...
compiling EventRecorder.c...
linking...
Program Size: Code=28336 RO-data=1508 RW-data=344 ZI-data=32485040  
FromELF: creating hex file...
"..\OBJ\Template.axf" - 0 Error(s), 5 Warning(s).

<h2>Software Packages used:</h2>

Package Vendor: Keil
                http://www.keil.com/pack/Keil.ARM_Compiler.1.6.3.pack
                Keil.ARM_Compiler.1.6.3
                Keil ARM Compiler extensions for ARM Compiler 5 and ARM Compiler 6
   * Component: Event Recorder Variant: DAP Version: 1.4.0
   * Component: STDOUT Variant: Breakpoint Version: 1.2.0

Package Vendor: Keil
                http://www.keil.com/pack/Keil.STM32H7xx_DFP.2.1.0.pack
                Keil.STM32H7xx_DFP.2.1.0
                STMicroelectronics STM32H7 Series Device Support and Examples

<h2>Collection of Component include folders:</h2>
  .\RTE\Compiler
  .\RTE\_UART
  E:\software\Keil_v5\Packs\Keil\ARM_Compiler\1.6.3\Include
  E:\software\Keil_v5\Packs\Keil\STM32H7xx_DFP\2.1.0\Drivers\CMSIS\Device\ST\STM32H7xx\Include

<h2>Collection of Component Files used:</h2>

   * Component: Keil.ARM Compiler::Compiler:Event Recorder:DAP:1.4.0
      Source file:   Source\EventRecorder.c
      Include file:  Include\EventRecorder.h
      Include file:  Config\EventRecorderConf.h

   * Component: Keil.ARM Compiler::Compiler:I/O:STDOUT:Breakpoint:1.2.0
      Source file:   Source\retarget_io.c
Build Time Elapsed:  00:00:04
</pre>
</body>
</html>
