Component: ARM Compiler 5.06 update 6 (build 750) Tool: armlink [4d35ed]

==============================================================================

Section Cross References

    main.o(i.main) refers to rt_memcpy_w.o(.text) for __aeabi_memcpy4
    main.o(i.main) refers to center.o(i.global_functions_init) for global_functions_init
    main.o(i.main) refers to center.o(i.global_parameter_init) for global_parameter_init
    main.o(i.main) refers to center.o(i.test_bench_single) for test_bench_single
    main.o(i.main) refers to center.o(i.test_bench_multip) for test_bench_multip
    main.o(i.main) refers to main.o(.constdata) for .constdata
    main.o(i.main) refers to main.o(.bss) for global_data
    stm32h7xx_it.o(i.SysTick_Handler) refers to stm32h7xx_hal.o(i.HAL_IncTick) for HAL_IncTick
    system_stm32h7xx.o(i.SystemCoreClockUpdate) refers to system_stm32h7xx.o(.data) for SystemCoreClock
    system_stm32h7xx.o(i.SystemCoreClockUpdate) refers to system_stm32h7xx.o(.constdata) for D1CorePrescTable
    startup_stm32h743xx.o(STACK) refers (Special) to heapauxi.o(.text) for __use_two_region_memory
    startup_stm32h743xx.o(HEAP) refers (Special) to heapauxi.o(.text) for __use_two_region_memory
    startup_stm32h743xx.o(RESET) refers (Special) to heapauxi.o(.text) for __use_two_region_memory
    startup_stm32h743xx.o(RESET) refers to startup_stm32h743xx.o(STACK) for __initial_sp
    startup_stm32h743xx.o(RESET) refers to startup_stm32h743xx.o(.text) for Reset_Handler
    startup_stm32h743xx.o(RESET) refers to stm32h7xx_it.o(i.NMI_Handler) for NMI_Handler
    startup_stm32h743xx.o(RESET) refers to stm32h7xx_it.o(i.HardFault_Handler) for HardFault_Handler
    startup_stm32h743xx.o(RESET) refers to stm32h7xx_it.o(i.MemManage_Handler) for MemManage_Handler
    startup_stm32h743xx.o(RESET) refers to stm32h7xx_it.o(i.BusFault_Handler) for BusFault_Handler
    startup_stm32h743xx.o(RESET) refers to stm32h7xx_it.o(i.UsageFault_Handler) for UsageFault_Handler
    startup_stm32h743xx.o(RESET) refers to stm32h7xx_it.o(i.SVC_Handler) for SVC_Handler
    startup_stm32h743xx.o(RESET) refers to stm32h7xx_it.o(i.DebugMon_Handler) for DebugMon_Handler
    startup_stm32h743xx.o(RESET) refers to stm32h7xx_it.o(i.PendSV_Handler) for PendSV_Handler
    startup_stm32h743xx.o(RESET) refers to stm32h7xx_it.o(i.SysTick_Handler) for SysTick_Handler
    startup_stm32h743xx.o(RESET) refers to rtc.o(i.RTC_WKUP_IRQHandler) for RTC_WKUP_IRQHandler
    startup_stm32h743xx.o(RESET) refers to exti.o(i.EXTI1_IRQHandler) for EXTI1_IRQHandler
    startup_stm32h743xx.o(RESET) refers to exti.o(i.EXTI2_IRQHandler) for EXTI2_IRQHandler
    startup_stm32h743xx.o(RESET) refers to exti.o(i.EXTI3_IRQHandler) for EXTI3_IRQHandler
    startup_stm32h743xx.o(RESET) refers to fpga_spi.o(i.DMA1_Stream0_IRQHandler) for DMA1_Stream0_IRQHandler
    startup_stm32h743xx.o(RESET) refers to fpga_spi.o(i.DMA1_Stream1_IRQHandler) for DMA1_Stream1_IRQHandler
    startup_stm32h743xx.o(RESET) refers to zlg7290.o(i.EXTI9_5_IRQHandler) for EXTI9_5_IRQHandler
    startup_stm32h743xx.o(RESET) refers to matrix_core.o(i.TIM2_IRQHandler) for TIM2_IRQHandler
    startup_stm32h743xx.o(RESET) refers to matrix_core.o(i.TIM3_IRQHandler) for TIM3_IRQHandler
    startup_stm32h743xx.o(RESET) refers to usmart.o(i.TIM4_IRQHandler) for TIM4_IRQHandler
    startup_stm32h743xx.o(RESET) refers to fpga_spi.o(i.SPI2_IRQHandler) for SPI2_IRQHandler
    startup_stm32h743xx.o(RESET) refers to usart.o(i.USART1_IRQHandler) for USART1_IRQHandler
    startup_stm32h743xx.o(RESET) refers to uartlcd.o(i.USART2_IRQHandler) for USART2_IRQHandler
    startup_stm32h743xx.o(RESET) refers to uarteth.o(i.USART3_IRQHandler) for USART3_IRQHandler
    startup_stm32h743xx.o(RESET) refers to rtc.o(i.RTC_Alarm_IRQHandler) for RTC_Alarm_IRQHandler
    startup_stm32h743xx.o(RESET) refers to matrix_core.o(i.TIM5_IRQHandler) for TIM5_IRQHandler
    startup_stm32h743xx.o(.text) refers (Special) to heapauxi.o(.text) for __use_two_region_memory
    startup_stm32h743xx.o(.text) refers to system_stm32h7xx.o(i.SystemInit) for SystemInit
    startup_stm32h743xx.o(.text) refers to __main.o(!!!main) for __main
    startup_stm32h743xx.o(.text) refers to startup_stm32h743xx.o(HEAP) for Heap_Mem
    startup_stm32h743xx.o(.text) refers to startup_stm32h743xx.o(STACK) for Stack_Mem
    delay.o(i.delay_init) refers to stm32h7xx_hal_cortex.o(i.HAL_SYSTICK_CLKSourceConfig) for HAL_SYSTICK_CLKSourceConfig
    delay.o(i.delay_init) refers to delay.o(.data) for fac_us
    delay.o(i.delay_ms) refers to delay.o(i.delay_us) for delay_us
    delay.o(i.delay_us) refers to delay.o(.data) for fac_us
    sys.o(i.Cache_Enable) refers to sys.o(i.SCB_EnableICache) for SCB_EnableICache
    sys.o(i.Cache_Enable) refers to sys.o(i.SCB_EnableDCache) for SCB_EnableDCache
    sys.o(i.Stm32_Clock_Init) refers to stm32h7xx_hal_rcc.o(i.HAL_RCC_OscConfig) for HAL_RCC_OscConfig
[...]
    _printf_percent_end                      0x0800036b   Thumb Code     0  _printf_percent_end.o(.ARM.Collect$$_printf_percent$$00000017)
    __rt_lib_init                            0x0800036f   Thumb Code     0  libinit.o(.ARM.Collect$$libinit$$00000000)
    __rt_lib_init_fp_1                       0x08000371   Thumb Code     0  libinit2.o(.ARM.Collect$$libinit$$00000001)
    __rt_lib_init_alloca_1                   0x08000375   Thumb Code     0  libinit2.o(.ARM.Collect$$libinit$$0000002E)
    __rt_lib_init_argv_1                     0x08000375   Thumb Code     0  libinit2.o(.ARM.Collect$$libinit$$0000002C)
    __rt_lib_init_atexit_1                   0x08000375   Thumb Code     0  libinit2.o(.ARM.Collect$$libinit$$0000001B)
    __rt_lib_init_clock_1                    0x08000375   Thumb Code     0  libinit2.o(.ARM.Collect$$libinit$$00000021)
    __rt_lib_init_cpp_1                      0x08000375   Thumb Code     0  libinit2.o(.ARM.Collect$$libinit$$00000032)
    __rt_lib_init_exceptions_1               0x08000375   Thumb Code     0  libinit2.o(.ARM.Collect$$libinit$$00000030)
    __rt_lib_init_fp_trap_1                  0x08000375   Thumb Code     0  libinit2.o(.ARM.Collect$$libinit$$0000001F)
    __rt_lib_init_getenv_1                   0x08000375   Thumb Code     0  libinit2.o(.ARM.Collect$$libinit$$00000023)
    __rt_lib_init_heap_1                     0x08000375   Thumb Code     0  libinit2.o(.ARM.Collect$$libinit$$0000000A)
    __rt_lib_init_lc_collate_1               0x08000375   Thumb Code     0  libinit2.o(.ARM.Collect$$libinit$$00000011)
    __rt_lib_init_lc_ctype_1                 0x08000375   Thumb Code     0  libinit2.o(.ARM.Collect$$libinit$$00000013)
    __rt_lib_init_lc_monetary_1              0x08000375   Thumb Code     0  libinit2.o(.ARM.Collect$$libinit$$00000015)
    __rt_lib_init_lc_numeric_1               0x08000375   Thumb Code     0  libinit2.o(.ARM.Collect$$libinit$$00000017)
    __rt_lib_init_lc_time_1                  0x08000375   Thumb Code     0  libinit2.o(.ARM.Collect$$libinit$$00000019)
    __rt_lib_init_preinit_1                  0x08000375   Thumb Code     0  libinit2.o(.ARM.Collect$$libinit$$00000004)
    __rt_lib_init_rand_1                     0x08000375   Thumb Code     0  libinit2.o(.ARM.Collect$$libinit$$0000000E)
    __rt_lib_init_return                     0x08000375   Thumb Code     0  libinit2.o(.ARM.Collect$$libinit$$00000033)
    __rt_lib_init_signal_1                   0x08000375   Thumb Code     0  libinit2.o(.ARM.Collect$$libinit$$0000001D)
    __rt_lib_init_stdio_1                    0x08000375   Thumb Code     0  libinit2.o(.ARM.Collect$$libinit$$00000025)
    __rt_lib_init_user_alloc_1               0x08000375   Thumb Code     0  libinit2.o(.ARM.Collect$$libinit$$0000000C)
    __rt_lib_shutdown                        0x08000377   Thumb Code     0  libshutdown.o(.ARM.Collect$$libshutdown$$00000000)
    __rt_lib_shutdown_cpp_1                  0x08000379   Thumb Code     0  libshutdown2.o(.ARM.Collect$$libshutdown$$00000002)
    __rt_lib_shutdown_fp_trap_1              0x08000379   Thumb Code     0  libshutdown2.o(.ARM.Collect$$libshutdown$$00000007)
    __rt_lib_shutdown_heap_1                 0x08000379   Thumb Code     0  libshutdown2.o(.ARM.Collect$$libshutdown$$0000000F)
    __rt_lib_shutdown_return                 0x08000379   Thumb Code     0  libshutdown2.o(.ARM.Collect$$libshutdown$$00000010)
    __rt_lib_shutdown_signal_1               0x08000379   Thumb Code     0  libshutdown2.o(.ARM.Collect$$libshutdown$$0000000A)
    __rt_lib_shutdown_stdio_1                0x08000379   Thumb Code     0  libshutdown2.o(.ARM.Collect$$libshutdown$$00000004)
    __rt_lib_shutdown_user_alloc_1           0x08000379   Thumb Code     0  libshutdown2.o(.ARM.Collect$$libshutdown$$0000000C)
    __rt_entry                               0x0800037b   Thumb Code     0  __rtentry.o(.ARM.Collect$$rtentry$$00000000)
    __rt_entry_presh_1                       0x0800037b   Thumb Code     0  __rtentry2.o(.ARM.Collect$$rtentry$$00000002)
    __rt_entry_sh                            0x0800037b   Thumb Code     0  __rtentry4.o(.ARM.Collect$$rtentry$$00000004)
    __rt_entry_li                            0x08000381   Thumb Code     0  __rtentry2.o(.ARM.Collect$$rtentry$$0000000A)
    __rt_entry_postsh_1                      0x08000381   Thumb Code     0  __rtentry2.o(.ARM.Collect$$rtentry$$00000009)
    __rt_entry_main                          0x08000385   Thumb Code     0  __rtentry2.o(.ARM.Collect$$rtentry$$0000000D)
    __rt_entry_postli_1                      0x08000385   Thumb Code     0  __rtentry2.o(.ARM.Collect$$rtentry$$0000000C)
    __rt_exit                                0x0800038d   Thumb Code     0  rtexit.o(.ARM.Collect$$rtexit$$00000000)
    __rt_exit_ls                             0x0800038f   Thumb Code     0  rtexit2.o(.ARM.Collect$$rtexit$$00000003)
    __rt_exit_prels_1                        0x0800038f   Thumb Code     0  rtexit2.o(.ARM.Collect$$rtexit$$00000002)
    __rt_exit_exit                           0x08000393   Thumb Code     0  rtexit2.o(.ARM.Collect$$rtexit$$00000004)
    Reset_Handler                            0x08000399   Thumb Code     8  startup_stm32h743xx.o(.text)
    ADC3_IRQHandler                          0x080003b3   Thumb Code     0  startup_stm32h743xx.o(.text)
    ADC_IRQHandler                           0x080003b3   Thumb Code     0  startup_stm32h743xx.o(.text)
    BDMA_Channel0_IRQHandler                 0x080003b3   Thumb Code     0  startup_stm32h743xx.o(.text)
    BDMA_Channel1_IRQHandler                 0x080003b3   Thumb Code     0  startup_stm32h743xx.o(.text)
    BDMA_Channel2_IRQHandler                 0x080003b3   Thumb Code     0  startup_stm32h743xx.o(.text)
    BDMA_Channel3_IRQHandler                 0x080003b3   Thumb Code     0  startup_stm32h743xx.o(.text)
    BDMA_Channel4_IRQHandler                 0x080003b3   Thumb Code     0  startup_stm32h743xx.o(.text)
    BDMA_Channel5_IRQHandler                 0x080003b3   Thumb Code     0  startup_stm32h743xx.o(.text)
    BDMA_Channel6_IRQHandler                 0x080003b3   Thumb Code     0  startup_stm32h743xx.o(.text)
    BDMA_Channel7_IRQHandler                 0x080003b3   Thumb Code     0  startup_stm32h743xx.o(.text)
    CEC_IRQHandler                           0x080003b3   Thumb Code     0  startup_stm32h743xx.o(.text)
    COMP1_IRQHandler                         0x080003b3   Thumb Code     0  startup_stm32h743xx.o(.text)
    CRS_IRQHandler                           0x080003b3   Thumb Code     0  startup_stm32h743xx.o(.text)
    DCMI_IRQHandler                          0x080003b3   Thumb Code     0  startup_stm32h743xx.o(.text)
    DFSDM1_FLT0_IRQHandler                   0x080003b3   Thumb Code     0  startup_stm32h743xx.o(.text)
    DFSDM1_FLT1_IRQHandler                   0x080003b3   Thumb Code     0  startup_stm32h743xx.o(.text)
    DFSDM1_FLT2_IRQHandler                   0x080003b3   Thumb Code     0  startup_stm32h743xx.o(.text)
    DFSDM1_FLT3_IRQHandler                   0x080003b3   Thumb Code     0  startup_stm32h743xx.o(.text)
    DMA1_Stream2_IRQHandler                  0x080003b3   Thumb Code     0  startup_stm32h743xx.o(.text)
    DMA1_Stream3_IRQHandler                  0x080003b3   Thumb Code     0  startup_stm32h743xx.o(.text)
    DMA1_Stream4_IRQHandler                  0x080003b3   Thumb Code     0  startup_stm32h743xx.o(.text)
    DMA1_Stream5_IRQHandler                  0x080003b3   Thumb Code     0  startup_stm32h743xx.o(.text)
    DMA1_Stream6_IRQHandler                  0x080003b3   Thumb Code     0  startup_stm32h743xx.o(.text)
    DMA1_Stream7_IRQHandler                  0x080003b3   Thumb Code     0  startup_stm32h743xx.o(.text)
    DMA2D_IRQHandler                         0x080003b3   Thumb Code     0  startup_stm32h743xx.o(.text)
    DMA2_Stream0_IRQHandler                  0x080003b3   Thumb Code     0  startup_stm32h743xx.o(.text)
    DMA2_Stream1_IRQHandler                  0x080003b3   Thumb Code     0  startup_stm32h743xx.o(.text)
    DMA2_Stream2_IRQHandler                  0x080003b3   Thumb Code     0  startup_stm32h743xx.o(.text)
    DMA2_Stream3_IRQHandler                  0x080003b3   Thumb Code     0  startup_stm32h743xx.o(.text)
    DMA2_Stream4_IRQHandler                  0x080003b3   Thumb Code     0  startup_stm32h743xx.o(.text)
    DMA2_Stream5_IRQHandler                  0x080003b3   Thumb Code     0  startup_stm32h743xx.o(.text)
    DMA2_Stream6_IRQHandler                  0x080003b3   Thumb Code     0  startup_stm32h743xx.o(.text)
    DMA2_Stream7_IRQHandler                  0x080003b3   Thumb Code     0  startup_stm32h743xx.o(.text)
    DMAMUX1_OVR_IRQHandler                   0x080003b3   Thumb Code     0  startup_stm32h743xx.o(.text)
    DMAMUX2_OVR_IRQHandler                   0x080003b3   Thumb Code     0  startup_stm32h743xx.o(.text)
    ETH_IRQHandler                           0x080003b3   Thumb Code     0  startup_stm32h743xx.o(.text)
    ETH_WKUP_IRQHandler                      0x080003b3   Thumb Code     0  startup_stm32h743xx.o(.text)
    EXTI0_IRQHandler                         0x080003b3   Thumb Code     0  startup_stm32h743xx.o(.text)
    EXTI15_10_IRQHandler                     0x080003b3   Thumb Code     0  startup_stm32h743xx.o(.text)
    EXTI4_IRQHandler                         0x080003b3   Thumb Code     0  startup_stm32h743xx.o(.text)
    FDCAN1_IT0_IRQHandler                    0x080003b3   Thumb Code     0  startup_stm32h743xx.o(.text)
    FDCAN1_IT1_IRQHandler                    0x080003b3   Thumb Code     0  startup_stm32h743xx.o(.text)
    FDCAN2_IT0_IRQHandler                    0x080003b3   Thumb Code     0  startup_stm32h743xx.o(.text)
    FDCAN2_IT1_IRQHandler                    0x080003b3   Thumb Code     0  startup_stm32h743xx.o(.text)
    FDCAN_CAL_IRQHandler                     0x080003b3   Thumb Code     0  startup_stm32h743xx.o(.text)
    FLASH_IRQHandler                         0x080003b3   Thumb Code     0  startup_stm32h743xx.o(.text)
    FMC_IRQHandler                           0x080003b3   Thumb Code     0  startup_stm32h743xx.o(.text)
    FPU_IRQHandler                           0x080003b3   Thumb Code     0  startup_stm32h743xx.o(.text)
    HRTIM1_FLT_IRQHandler                    0x080003b3   Thumb Code     0  startup_stm32h743xx.o(.text)
    HRTIM1_Master_IRQHandler                 0x080003b3   Thumb Code     0  startup_stm32h743xx.o(.text)
    HRTIM1_TIMA_IRQHandler                   0x080003b3   Thumb Code     0  startup_stm32h743xx.o(.text)
    HRTIM1_TIMB_IRQHandler                   0x080003b3   Thumb Code     0  startup_stm32h743xx.o(.text)
    HRTIM1_TIMC_IRQHandler                   0x080003b3   Thumb Code     0  startup_stm32h743xx.o(.text)
    HRTIM1_TIMD_IRQHandler                   0x080003b3   Thumb Code     0  startup_stm32h743xx.o(.text)
    HRTIM1_TIME_IRQHandler                   0x080003b3   Thumb Code     0  startup_stm32h743xx.o(.text)
    HSEM1_IRQHandler                         0x080003b3   Thumb Code     0  startup_stm32h743xx.o(.text)
    I2C1_ER_IRQHandler                       0x080003b3   Thumb Code     0  startup_stm32h743xx.o(.text)
    I2C1_EV_IRQHandler                       0x080003b3   Thumb Code     0  startup_stm32h743xx.o(.text)
    I2C2_ER_IRQHandler                       0x080003b3   Thumb Code     0  startup_stm32h743xx.o(.text)
    I2C2_EV_IRQHandler                       0x080003b3   Thumb Code     0  startup_stm32h743xx.o(.text)
    I2C3_ER_IRQHandler                       0x080003b3   Thumb Code     0  startup_stm32h743xx.o(.text)
    I2C3_EV_IRQHandler                       0x080003b3   Thumb Code     0  startup_stm32h743xx.o(.text)
    I2C4_ER_IRQHandler                       0x080003b3   Thumb Code     0  startup_stm32h743xx.o(.text)
    I2C4_EV_IRQHandler                       0x080003b3   Thumb Code     0  startup_stm32h743xx.o(.text)
    JPEG_IRQHandler                          0x080003b3   Thumb Code     0  startup_stm32h743xx.o(.text)
    LPTIM1_IRQHandler                        0x080003b3   Thumb Code     0  startup_stm32h743xx.o(.text)
    LPTIM2_IRQHandler                        0x080003b3   Thumb Code     0  startup_stm32h743xx.o(.text)
    LPTIM3_IRQHandler                        0x080003b3   Thumb Code     0  startup_stm32h743xx.o(.text)
    LPTIM4_IRQHandler                        0x080003b3   Thumb Code     0  startup_stm32h743xx.o(.text)
    LPTIM5_IRQHandler                        0x080003b3   Thumb Code     0  startup_stm32h743xx.o(.text)
    LPUART1_IRQHandler                       0x080003b3   Thumb Code     0  startup_stm32h743xx.o(.text)
    LTDC_ER_IRQHandler                       0x080003b3   Thumb Code     0  startup_stm32h743xx.o(.text)
    LTDC_IRQHandler                          0x080003b3   Thumb Code     0  startup_stm32h743xx.o(.text)
    MDIOS_IRQHandler                         0x080003b3   Thumb Code     0  startup_stm32h743xx.o(.text)
    MDIOS_WKUP_IRQHandler                    0x080003b3   Thumb Code     0  startup_stm32h743xx.o(.text)
    MDMA_IRQHandler                          0x080003b3   Thumb Code     0  startup_stm32h743xx.o(.text)
    OTG_FS_EP1_IN_IRQHandler                 0x080003b3   Thumb Code     0  startup_stm32h743xx.o(.text)
    OTG_FS_EP1_OUT_IRQHandler                0x080003b3   Thumb Code     0  startup_stm32h743xx.o(.text)
    OTG_FS_IRQHandler                        0x080003b3   Thumb Code     0  startup_stm32h743xx.o(.text)
    OTG_FS_WKUP_IRQHandler                   0x080003b3   Thumb Code     0  startup_stm32h743xx.o(.text)
    OTG_HS_EP1_IN_IRQHandler                 0x080003b3   Thumb Code     0  startup_stm32h743xx.o(.text)
    OTG_HS_EP1_OUT_IRQHandler                0x080003b3   Thumb Code     0  startup_stm32h743xx.o(.text)
    OTG_HS_IRQHandler                        0x080003b3   Thumb Code     0  startup_stm32h743xx.o(.text)
    OTG_HS_WKUP_IRQHandler                   0x080003b3   Thumb Code     0  startup_stm32h743xx.o(.text)
    PVD_AVD_IRQHandler                       0x080003b3   Thumb Code     0  startup_stm32h743xx.o(.text)
    QUADSPI_IRQHandler                       0x080003b3   Thumb Code     0  startup_stm32h743xx.o(.text)
    RCC_IRQHandler                           0x080003b3   Thumb Code     0  startup_stm32h743xx.o(.text)
    RNG_IRQHandler                           0x080003b3   Thumb Code     0  startup_stm32h743xx.o(.text)
    SAI1_IRQHandler                          0x080003b3   Thumb Code     0  startup_stm32h743xx.o(.text)
    SAI2_IRQHandler                          0x080003b3   Thumb Code     0  startup_stm32h743xx.o(.text)
    SAI3_IRQHandler                          0x080003b3   Thumb Code     0  startup_stm32h743xx.o(.text)
    SAI4_IRQHandler                          0x080003b3   Thumb Code     0  startup_stm32h743xx.o(.text)
    SDMMC1_IRQHandler                        0x080003b3   Thumb Code     0  startup_stm32h743xx.o(.text)
    SDMMC2_IRQHandler                        0x080003b3   Thumb Code     0  startup_stm32h743xx.o(.text)
    SPDIF_RX_IRQHandler                      0x080003b3   Thumb Code     0  startup_stm32h743xx.o(.text)
    SPI1_IRQHandler                          0x080003b3   Thumb Code     0  startup_stm32h743xx.o(.text)
    SPI3_IRQHandler                          0x080003b3   Thumb Code     0  startup_stm32h743xx.o(.text)
    SPI4_IRQHandler                          0x080003b3   Thumb Code     0  startup_stm32h743xx.o(.text)
    SPI5_IRQHandler                          0x080003b3   Thumb Code     0  startup_stm32h743xx.o(.text)
    SPI6_IRQHandler                          0x080003b3   Thumb Code     0  startup_stm32h743xx.o(.text)
    SWPMI1_IRQHandler                        0x080003b3   Thumb Code     0  startup_stm32h743xx.o(.text)
    TAMP_STAMP_IRQHandler                    0x080003b3   Thumb Code     0  startup_stm32h743xx.o(.text)
    TIM15_IRQHandler                         0x080003b3   Thumb Code     0  startup_stm32h743xx.o(.text)
    TIM16_IRQHandler                         0x080003b3   Thumb Code     0  startup_stm32h743xx.o(.text)
    TIM17_IRQHandler                         0x080003b3   Thumb Code     0  startup_stm32h743xx.o(.text)
    TIM1_BRK_IRQHandler                      0x080003b3   Thumb Code     0  startup_stm32h743xx.o(.text)
    TIM1_CC_IRQHandler                       0x080003b3   Thumb Code     0  startup_stm32h743xx.o(.text)
    TIM1_TRG_COM_IRQHandler                  0x080003b3   Thumb Code     0  startup_stm32h743xx.o(.text)
    TIM1_UP_IRQHandler                       0x080003b3   Thumb Code     0  startup_stm32h743xx.o(.text)
    TIM6_DAC_IRQHandler                      0x080003b3   Thumb Code     0  startup_stm32h743xx.o(.text)
    TIM7_IRQHandler                          0x080003b3   Thumb Code     0  startup_stm32h743xx.o(.text)
    TIM8_BRK_TIM12_IRQHandler                0x080003b3   Thumb Code     0  startup_stm32h743xx.o(.text)
    TIM8_CC_IRQHandler                       0x080003b3   Thumb Code     0  startup_stm32h743xx.o(.text)
    TIM8_TRG_COM_TIM14_IRQHandler            0x080003b3   Thumb Code     0  startup_stm32h743xx.o(.text)
    TIM8_UP_TIM13_IRQHandler                 0x080003b3   Thumb Code     0  startup_stm32h743xx.o(.text)
    UART4_IRQHandler                         0x080003b3   Thumb Code     0  startup_stm32h743xx.o(.text)
    UART5_IRQHandler                         0x080003b3   Thumb Code     0  startup_stm32h743xx.o(.text)
    UART7_IRQHandler                         0x080003b3   Thumb Code     0  startup_stm32h743xx.o(.text)
    UART8_IRQHandler                         0x080003b3   Thumb Code     0  startup_stm32h743xx.o(.text)
    USART6_IRQHandler                        0x080003b3   Thumb Code     0  startup_stm32h743xx.o(.text)
    WAKEUP_PIN_IRQHandler                    0x080003b3   Thumb Code     0  startup_stm32h743xx.o(.text)
    WWDG_IRQHandler                          0x080003b3   Thumb Code     0  startup_stm32h743xx.o(.text)
    __user_initial_stackheap                 0x080003b5   Thumb Code     0  startup_stm32h743xx.o(.text)
    __aeabi_uldivmod                         0x080003d9   Thumb Code     0  lludivv7m.o(.text)
    _ll_udiv                                 0x080003d9   Thumb Code   238  lludivv7m.o(.text)
    __2printf                                0x080004c9   Thumb Code    20  noretval__2printf.o(.text)
    _printf_pre_padding                      0x080004e1   Thumb Code    44  _printf_pad.o(.text)
    _printf_post_padding                     0x0800050d   Thumb Code    34  _printf_pad.o(.text)
    _printf_str                              0x0800052f   Thumb Code    82  _printf_str.o(.text)
    _printf_int_dec                          0x08000581   Thumb Code   104  _printf_dec.o(.text)
    _printf_int_hex                          0x080005f9   Thumb Code    84  _printf_hex_int.o(.text)
    _printf_longlong_hex                     0x080005f9   Thumb Code     0  _printf_hex_int.o(.text)
    __printf                                 0x08000651   Thumb Code   388  __printf_flags_ss_wp.o(.text)
    __aeabi_memcpy4                          0x080007d9   Thumb Code     0  rt_memcpy_w.o(.text)
    __aeabi_memcpy8                          0x080007d9   Thumb Code     0  rt_memcpy_w.o(.text)
    __rt_memcpy_w                            0x080007d9   Thumb Code   100  rt_memcpy_w.o(.text)
    _memcpy_lastbytes_aligned                0x08000821   Thumb Code     0  rt_memcpy_w.o(.text)
    __use_two_region_memory                  0x0800083d   Thumb Code     2  heapauxi.o(.text)
    __rt_heap_escrow$2region                 0x0800083f   Thumb Code     2  heapauxi.o(.text)
    __rt_heap_expand$2region                 0x08000841   Thumb Code     2  heapauxi.o(.text)
    __read_errno                             0x08000843   Thumb Code    10  _rserrno.o(.text)
    __set_errno                              0x0800084d   Thumb Code    12  _rserrno.o(.text)
    _printf_int_common                       0x08000859   Thumb Code   178  _printf_intcommon.o(.text)
    _printf_char_common                      0x08000917   Thumb Code    32  _printf_char_common.o(.text)
    _printf_cs_common                        0x0800093d   Thumb Code    20  _printf_char.o(.text)
    _printf_char                             0x08000951   Thumb Code    16  _printf_char.o(.text)
    _printf_string                           0x08000961   Thumb Code     8  _printf_char.o(.text)
    _printf_char_file                        0x08000969   Thumb Code    32  _printf_char_file.o(.text)
    __aeabi_errno_addr                       0x0800098d   Thumb Code     8  rt_errno_addr_intlibspace.o(.text)
    __errno$intlibspace                      0x0800098d   Thumb Code     0  rt_errno_addr_intlibspace.o(.text)
    __rt_errno_addr$intlibspace              0x0800098d   Thumb Code     0  rt_errno_addr_intlibspace.o(.text)
    ferror                                   0x08000995   Thumb Code     8  ferror.o(.text)
    __user_libspace                          0x0800099d   Thumb Code     8  libspace.o(.text)
    __user_perproc_libspace                  0x0800099d   Thumb Code     0  libspace.o(.text)
    __user_perthread_libspace                0x0800099d   Thumb Code     0  libspace.o(.text)
    __user_setup_stackheap                   0x080009a5   Thumb Code    74  sys_stackheap_outer.o(.text)
    exit                                     0x080009ef   Thumb Code    18  exit.o(.text)
    __rt_SIGFPE                              0x08000a01   Thumb Code    14  defsig_fpe_outer.o(.text)
    _fp_trap                                 0x08000a11   Thumb Code    44  _fptrap.o(.text)
    __sig_exit                               0x08000a41   Thumb Code    10  defsig_exit.o(.text)
    __rt_SIGFPE_inner                        0x08000a4d   Thumb Code    62  defsig_fpe_inner.o(.text)
    __default_signal_display                 0x08000af9   Thumb Code    50  defsig_general.o(.text)
    _ttywrch                                 0x08000b2b   Thumb Code    14  sys_wrch.o(.text)
    __I$use$semihosting                      0x08000b39   Thumb Code     0  use_no_semi.o(.text)
    __use_no_semihosting_swi                 0x08000b39   Thumb Code     2  use_no_semi.o(.text)
    BusFault_Handler                         0x08000b3b   Thumb Code     4  stm32h7xx_it.o(i.BusFault_Handler)
    __semihosting_library_function           0x08000b3b   Thumb Code     0  indicate_semi.o(.text)
    Cache_Enable                             0x08000b41   Thumb Code    24  sys.o(i.Cache_Enable)
    DMA1_Stream0_IRQHandler                  0x08000b5d   Thumb Code    10  fpga_spi.o(i.DMA1_Stream0_IRQHandler)
    DMA1_Stream1_IRQHandler                  0x08000b6d   Thumb Code    10  fpga_spi.o(i.DMA1_Stream1_IRQHandler)
    DebugMon_Handler                         0x08000b7d   Thumb Code     2  stm32h7xx_it.o(i.DebugMon_Handler)
    EXTI1_IRQHandler                         0x08000b81   Thumb Code    18  exti.o(i.EXTI1_IRQHandler)
    EXTI2_IRQHandler                         0x08000b9d   Thumb Code     8  exti.o(i.EXTI2_IRQHandler)
    EXTI3_IRQHandler                         0x08000ba9   Thumb Code     8  exti.o(i.EXTI3_IRQHandler)
    EXTI9_5_IRQHandler                       0x08000bb5   Thumb Code    10  zlg7290.o(i.EXTI9_5_IRQHandler)
    FMC_SDRAM_Init                           0x08000bc5   Thumb Code   116  stm32h7xx_ll_fmc.o(i.FMC_SDRAM_Init)
    FMC_SDRAM_ProgramRefreshRate             0x08000c39   Thumb Code    14  stm32h7xx_ll_fmc.o(i.FMC_SDRAM_ProgramRefreshRate)
    FMC_SDRAM_SendCommand                    0x08000c47   Thumb Code    38  stm32h7xx_ll_fmc.o(i.FMC_SDRAM_SendCommand)
    FMC_SDRAM_Timing_Init                    0x08000c6d   Thumb Code   152  stm32h7xx_ll_fmc.o(i.FMC_SDRAM_Timing_Init)
    HAL_DMA_Abort_IT                         0x08000d09   Thumb Code   236  stm32h7xx_hal_dma.o(i.HAL_DMA_Abort_IT)
    HAL_DMA_IRQHandler                       0x08000e01   Thumb Code  1094  stm32h7xx_hal_dma.o(i.HAL_DMA_IRQHandler)
    HAL_EnableCompensationCell               0x0800124d   Thumb Code    14  stm32h7xx_hal.o(i.HAL_EnableCompensationCell)
    HAL_GPIO_Init                            0x08001261   Thumb Code   534  stm32h7xx_hal_gpio.o(i.HAL_GPIO_Init)
    HAL_GetTick                              0x080014ad   Thumb Code     6  stm32h7xx_hal.o(i.HAL_GetTick)
    HAL_IncTick                              0x080014b9   Thumb Code    16  stm32h7xx_hal.o(i.HAL_IncTick)
    HAL_Init                                 0x080014d1   Thumb Code    28  stm32h7xx_hal.o(i.HAL_Init)
    HAL_InitTick                             0x080014ed   Thumb Code    64  stm32h7xx_hal.o(i.HAL_InitTick)
    HAL_MspInit                              0x08001539   Thumb Code     2  stm32h7xx_hal_msp.o(i.HAL_MspInit)
    HAL_NVIC_EnableIRQ                       0x0800153b   Thumb Code    32  stm32h7xx_hal_cortex.o(i.HAL_NVIC_EnableIRQ)
    HAL_NVIC_SetPriority                     0x0800155b   Thumb Code   122  stm32h7xx_hal_cortex.o(i.HAL_NVIC_SetPriority)
    HAL_NVIC_SetPriorityGrouping             0x080015d5   Thumb Code    32  stm32h7xx_hal_cortex.o(i.HAL_NVIC_SetPriorityGrouping)
    HAL_RCCEx_GetD1SysClockFreq              0x080015fd   Thumb Code    44  stm32h7xx_hal_rcc_ex.o(i.HAL_RCCEx_GetD1SysClockFreq)
    HAL_RCCEx_GetD3PCLK1Freq                 0x08001635   Thumb Code    34  stm32h7xx_hal_rcc_ex.o(i.HAL_RCCEx_GetD3PCLK1Freq)
    HAL_RCCEx_GetPLL2ClockFreq               0x08001661   Thumb Code   532  stm32h7xx_hal_rcc_ex.o(i.HAL_RCCEx_GetPLL2ClockFreq)
    HAL_RCCEx_GetPLL3ClockFreq               0x0800188d   Thumb Code   532  stm32h7xx_hal_rcc_ex.o(i.HAL_RCCEx_GetPLL3ClockFreq)
    HAL_RCC_ClockConfig                      0x08001ab9   Thumb Code   574  stm32h7xx_hal_rcc.o(i.HAL_RCC_ClockConfig)
    HAL_RCC_GetHCLKFreq                      0x08001d09   Thumb Code    42  stm32h7xx_hal_rcc.o(i.HAL_RCC_GetHCLKFreq)
    HAL_RCC_GetPCLK1Freq                     0x08001d41   Thumb Code    34  stm32h7xx_hal_rcc.o(i.HAL_RCC_GetPCLK1Freq)
    HAL_RCC_GetPCLK2Freq                     0x08001d6d   Thumb Code    36  stm32h7xx_hal_rcc.o(i.HAL_RCC_GetPCLK2Freq)
    HAL_RCC_GetSysClockFreq                  0x08001d99   Thumb Code   556  stm32h7xx_hal_rcc.o(i.HAL_RCC_GetSysClockFreq)
    HAL_RCC_OscConfig                        0x08001fdd   Thumb Code  1724  stm32h7xx_hal_rcc.o(i.HAL_RCC_OscConfig)
    HAL_RTCEx_AlarmBEventCallback            0x080026a1   Thumb Code     2  stm32h7xx_hal_rtc_ex.o(i.HAL_RTCEx_AlarmBEventCallback)
    HAL_RTCEx_WakeUpTimerEventCallback       0x080026a3   Thumb Code     2  rtc.o(i.HAL_RTCEx_WakeUpTimerEventCallback)
    HAL_RTCEx_WakeUpTimerIRQHandler          0x080026a5   Thumb Code    52  stm32h7xx_hal_rtc_ex.o(i.HAL_RTCEx_WakeUpTimerIRQHandler)
    HAL_RTC_AlarmAEventCallback              0x080026dd   Thumb Code    12  rtc.o(i.HAL_RTC_AlarmAEventCallback)
    HAL_RTC_AlarmIRQHandler                  0x080026f5   Thumb Code   104  stm32h7xx_hal_rtc.o(i.HAL_RTC_AlarmIRQHandler)
    HAL_SDRAM_Init                           0x08002761   Thumb Code    76  stm32h7xx_hal_sdram.o(i.HAL_SDRAM_Init)
    HAL_SDRAM_MspInit                        0x080027b1   Thumb Code   290  sdram.o(i.HAL_SDRAM_MspInit)
    HAL_SDRAM_ProgramRefreshRate             0x080028ed   Thumb Code    40  stm32h7xx_hal_sdram.o(i.HAL_SDRAM_ProgramRefreshRate)
    HAL_SDRAM_SendCommand                    0x08002915   Thumb Code    58  stm32h7xx_hal_sdram.o(i.HAL_SDRAM_SendCommand)
    HAL_SPI_ErrorCallback                    0x0800294f   Thumb Code     2  stm32h7xx_hal_spi.o(i.HAL_SPI_ErrorCallback)
    HAL_SPI_IRQHandler                       0x08002951   Thumb Code   582  stm32h7xx_hal_spi.o(i.HAL_SPI_IRQHandler)
    HAL_SPI_RxCpltCallback                   0x08002b9d   Thumb Code     2  stm32h7xx_hal_spi.o(i.HAL_SPI_RxCpltCallback)
    HAL_SPI_TxCpltCallback                   0x08002b9f   Thumb Code     2  stm32h7xx_hal_spi.o(i.HAL_SPI_TxCpltCallback)
    HAL_SPI_TxRxCpltCallback                 0x08002ba1   Thumb Code     2  stm32h7xx_hal_spi.o(i.HAL_SPI_TxRxCpltCallback)
    HAL_SYSTICK_CLKSourceConfig              0x08002ba3   Thumb Code    40  stm32h7xx_hal_cortex.o(i.HAL_SYSTICK_CLKSourceConfig)
    HAL_SYSTICK_Config                       0x08002bcb   Thumb Code    52  stm32h7xx_hal_cortex.o(i.HAL_SYSTICK_Config)
    HAL_TIMEx_BreakCallback                  0x08002bff   Thumb Code     2  stm32h7xx_hal_tim_ex.o(i.HAL_TIMEx_BreakCallback)
    HAL_TIMEx_CommutationCallback            0x08002c01   Thumb Code     2  stm32h7xx_hal_tim_ex.o(i.HAL_TIMEx_CommutationCallback)
    HAL_TIM_Base_Init                        0x08002c03   Thumb Code    52  stm32h7xx_hal_tim.o(i.HAL_TIM_Base_Init)
    HAL_TIM_Base_MspInit                     0x08002c39   Thumb Code   166  matrix_core.o(i.HAL_TIM_Base_MspInit)
    HAL_TIM_Base_Start_IT                    0x08002ced   Thumb Code    30  stm32h7xx_hal_tim.o(i.HAL_TIM_Base_Start_IT)
    HAL_TIM_IC_CaptureCallback               0x08002d0b   Thumb Code     2  stm32h7xx_hal_tim.o(i.HAL_TIM_IC_CaptureCallback)
    HAL_TIM_IRQHandler                       0x08002d0d   Thumb Code   440  stm32h7xx_hal_tim.o(i.HAL_TIM_IRQHandler)
    HAL_TIM_OC_DelayElapsedCallback          0x08002ec5   Thumb Code     2  stm32h7xx_hal_tim.o(i.HAL_TIM_OC_DelayElapsedCallback)
    HAL_TIM_PWM_PulseFinishedCallback        0x08002ec7   Thumb Code     2  stm32h7xx_hal_tim.o(i.HAL_TIM_PWM_PulseFinishedCallback)
    HAL_TIM_PeriodElapsedCallback            0x08002ec9   Thumb Code    36  matrix_core.o(i.HAL_TIM_PeriodElapsedCallback)
    HAL_TIM_TriggerCallback                  0x08002ef9   Thumb Code     2  stm32h7xx_hal_tim.o(i.HAL_TIM_TriggerCallback)
    HAL_UARTEx_WakeupCallback                0x08002efb   Thumb Code     2  stm32h7xx_hal_uart_ex.o(i.HAL_UARTEx_WakeupCallback)
    HAL_UART_ErrorCallback                   0x08002efd   Thumb Code     2  stm32h7xx_hal_uart.o(i.HAL_UART_ErrorCallback)
    HAL_UART_GetState                        0x08002eff   Thumb Code    20  stm32h7xx_hal_uart.o(i.HAL_UART_GetState)
    HAL_UART_IRQHandler                      0x08002f15   Thumb Code   434  stm32h7xx_hal_uart.o(i.HAL_UART_IRQHandler)
    HAL_UART_Init                            0x080030d1   Thumb Code   120  stm32h7xx_hal_uart.o(i.HAL_UART_Init)
    HAL_UART_MspInit                         0x08003149   Thumb Code   138  usart.o(i.HAL_UART_MspInit)
    HAL_UART_Receive                         0x080031e1   Thumb Code   274  stm32h7xx_hal_uart.o(i.HAL_UART_Receive)
    HAL_UART_Receive_IT                      0x080032f3   Thumb Code   224  stm32h7xx_hal_uart.o(i.HAL_UART_Receive_IT)
    HAL_UART_RxCpltCallback                  0x080033d5   Thumb Code   120  usart.o(i.HAL_UART_RxCpltCallback)
    HAL_UART_TxCpltCallback                  0x0800345d   Thumb Code     2  stm32h7xx_hal_uart.o(i.HAL_UART_TxCpltCallback)
    HardFault_Handler                        0x0800345f   Thumb Code     4  stm32h7xx_it.o(i.HardFault_Handler)
    Instruction_rx                           0x08003465   Thumb Code    54  uartlcd.o(i.Instruction_rx)
    MemManage_Handler                        0x080034a5   Thumb Code     4  stm32h7xx_it.o(i.MemManage_Handler)
    NMI_Handler                              0x080034a9   Thumb Code     2  stm32h7xx_it.o(i.NMI_Handler)
    Parameter_datasheet_clear_tx             0x080034ad   Thumb Code    36  uartlcd.o(i.Parameter_datasheet_clear_tx)
    Parameter_datasheet_data_tx              0x080034d5   Thumb Code   260  uartlcd.o(i.Parameter_datasheet_data_tx)
    Parameter_error                          0x080035dd   Thumb Code    10  uartlcd.o(i.Parameter_error)
    Parameter_key_rx                         0x080035f1   Thumb Code     2  uartlcd.o(i.Parameter_key_rx)
    Parameter_labal_tx                       0x080035f5   Thumb Code   248  uartlcd.o(i.Parameter_labal_tx)
    Parameter_wave_tx                        0x080036f9   Thumb Code   272  uartlcd.o(i.Parameter_wave_tx)
    PendSV_Handler                           0x08003821   Thumb Code     2  stm32h7xx_it.o(i.PendSV_Handler)
    RTC_Alarm_IRQHandler                     0x08003825   Thumb Code    10  rtc.o(i.RTC_Alarm_IRQHandler)
    RTC_WKUP_IRQHandler                      0x08003835   Thumb Code    10  rtc.o(i.RTC_WKUP_IRQHandler)
    SDRAM_Init                               0x0800395d   Thumb Code    94  sdram.o(i.SDRAM_Init)
    SDRAM_Initialization_Sequence            0x080039c5   Thumb Code    78  sdram.o(i.SDRAM_Initialization_Sequence)
    SDRAM_Send_Cmd                           0x08003a19   Thumb Code    68  sdram.o(i.SDRAM_Send_Cmd)
    SPI2_IRQHandler                          0x08003a61   Thumb Code    10  fpga_spi.o(i.SPI2_IRQHandler)
    SVC_Handler                              0x08003b89   Thumb Code     2  stm32h7xx_it.o(i.SVC_Handler)
    Stm32_Clock_Init                         0x08003b8d   Thumb Code   238  sys.o(i.Stm32_Clock_Init)
    SysTick_Handler                          0x08003c85   Thumb Code     8  stm32h7xx_it.o(i.SysTick_Handler)
    SystemInit                               0x08003c8d   Thumb Code   130  system_stm32h7xx.o(i.SystemInit)
    TIM2_IRQHandler                          0x08003d21   Thumb Code    10  matrix_core.o(i.TIM2_IRQHandler)
    TIM3_IRQHandler                          0x08003d31   Thumb Code    10  matrix_core.o(i.TIM3_IRQHandler)
    TIM4_IRQHandler                          0x08003d41   Thumb Code    58  usmart.o(i.TIM4_IRQHandler)
    TIM5_IRQHandler                          0x08003d85   Thumb Code    10  matrix_core.o(i.TIM5_IRQHandler)
    TIM_Base_SetConfig                       0x08003d95   Thumb Code   172  stm32h7xx_hal_tim.o(i.TIM_Base_SetConfig)
    Timer4_Init                              0x08003e61   Thumb Code    80  usmart.o(i.Timer4_Init)
    UART_AdvFeatureConfig                    0x08003ebd   Thumb Code   234  stm32h7xx_hal_uart.o(i.UART_AdvFeatureConfig)
    UART_CheckIdleState                      0x08003fa7   Thumb Code   116  stm32h7xx_hal_uart.o(i.UART_CheckIdleState)
    UART_SetConfig                           0x080040fd   Thumb Code  2452  stm32h7xx_hal_uart.o(i.UART_SetConfig)
    UART_WaitOnFlagUntilTimeout              0x08004b23   Thumb Code   108  stm32h7xx_hal_uart.o(i.UART_WaitOnFlagUntilTimeout)
    USART1_IRQHandler                        0x08004b91   Thumb Code    66  usart.o(i.USART1_IRQHandler)
    USART2_IRQHandler                        0x08004be1   Thumb Code   242  uartlcd.o(i.USART2_IRQHandler)
    USART3_IRQHandler                        0x08004cdd   Thumb Code    64  uarteth.o(i.USART3_IRQHandler)
    UsageFault_Handler                       0x08004d25   Thumb Code     4  stm32h7xx_it.o(i.UsageFault_Handler)
    __ARM_fpclassify                         0x08004d29   Thumb Code    48  fpclassify.o(i.__ARM_fpclassify)
    __hardfp_pow                             0x08004d91   Thumb Code  2140  pow.o(i.__hardfp_pow)
    __kernel_poly                            0x08005689   Thumb Code   112  poly.o(i.__kernel_poly)
    __mathlib_dbl_divzero                    0x080056f9   Thumb Code    14  dunder.o(i.__mathlib_dbl_divzero)
    __mathlib_dbl_infnan2                    0x08005719   Thumb Code     6  dunder.o(i.__mathlib_dbl_infnan2)
    __mathlib_dbl_invalid                    0x08005721   Thumb Code    10  dunder.o(i.__mathlib_dbl_invalid)
    __mathlib_dbl_overflow                   0x08005739   Thumb Code    10  dunder.o(i.__mathlib_dbl_overflow)
    __mathlib_dbl_underflow                  0x08005751   Thumb Code    10  dunder.o(i.__mathlib_dbl_underflow)
    _is_digit                                0x08005769   Thumb Code    14  __printf_wp.o(i._is_digit)
    _sys_exit                                0x08005777   Thumb Code     4  usart.o(i._sys_exit)
    data_size_u32                            0x0800577b   Thumb Code    30  uartlcd.o(i.data_size_u32)
    delay_init                               0x08005799   Thumb Code    16  delay.o(i.delay_init)
    delay_ms                                 0x080057ad   Thumb Code    24  delay.o(i.delay_ms)
    delay_us                                 0x080057c5   Thumb Code    68  delay.o(i.delay_us)
    fabs                                     0x0800580d   Thumb Code    24  fabs.o(i.fabs)
    fputc                                    0x08005825   Thumb Code    22  usart.o(i.fputc)
    global_functions_init                    0x08005841   Thumb Code    52  center.o(i.global_functions_init)
    global_parameter_init                    0x08005879   Thumb Code     2  center.o(i.global_parameter_init)
    instructions                             0x0800587d   Thumb Code    54  uartlcd.o(i.instructions)
    main                                     0x080058cd   Thumb Code    48  main.o(i.main)
    read_addr                                0x08005905   Thumb Code     6  usmart.o(i.read_addr)
    sqrt                                     0x0800590b   Thumb Code   106  sqrt_full.o(i.sqrt)
    test_bench_multip                        0x08005975   Thumb Code     2  center.o(i.test_bench_multip)
    test_bench_single                        0x08005977   Thumb Code     2  center.o(i.test_bench_single)
    uart_init                                0x08005979   Thumb Code    44  usart.o(i.uart_init)
    usmart_cmd_rec                           0x080059b1   Thumb Code   170  usmart.o(i.usmart_cmd_rec)
    usmart_exe                               0x08005a61   Thumb Code   632  usmart.o(i.usmart_exe)
    usmart_get_aparm                         0x08005d35   Thumb Code   212  usmart_str.o(i.usmart_get_aparm)
    usmart_get_cmdname                       0x08005e09   Thumb Code    54  usmart_str.o(i.usmart_get_cmdname)
    usmart_get_fname                         0x08005e41   Thumb Code   440  usmart_str.o(i.usmart_get_fname)
    usmart_get_fparam                        0x08006001   Thumb Code   262  usmart_str.o(i.usmart_get_fparam)
    usmart_get_parmpos                       0x0800610d   Thumb Code    26  usmart_str.o(i.usmart_get_parmpos)
    usmart_get_runtime                       0x0800612d   Thumb Code    58  usmart.o(i.usmart_get_runtime)
    usmart_init                              0x08006171   Thumb Code    36  usmart.o(i.usmart_init)
    usmart_pow                               0x08006199   Thumb Code    22  usmart_str.o(i.usmart_pow)
    usmart_reset_runtime                     0x080061b1   Thumb Code    44  usmart.o(i.usmart_reset_runtime)
    usmart_scan                              0x080061e5   Thumb Code   120  usmart.o(i.usmart_scan)
    usmart_search_nextc                      0x080062a1   Thumb Code    22  usmart_str.o(i.usmart_search_nextc)
    usmart_str2num                           0x080062b7   Thumb Code   262  usmart_str.o(i.usmart_str2num)
    usmart_strcmp                            0x080063bd   Thumb Code    34  usmart_str.o(i.usmart_strcmp)
    usmart_strcopy                           0x080063df   Thumb Code    22  usmart_str.o(i.usmart_strcopy)
    usmart_strlen                            0x080063f5   Thumb Code    24  usmart_str.o(i.usmart_strlen)
    usmart_sys_cmd_exe                       0x0800640d   Thumb Code  1570  usmart.o(i.usmart_sys_cmd_exe)
    write_addr                               0x08006b01   Thumb Code     4  usmart.o(i.write_addr)
    __fpl_dcheck_NaN1                        0x08006b05   Thumb Code    28  dcheck1.o(x$fpl$dcheck1)
    __fpl_drenorm2                           0x08006b21   Thumb Code   106  drenorm_clz.o(x$fpl$drenorm)
    __fpl_drenorm1                           0x08006b8b   Thumb Code     6  drenorm_clz.o(x$fpl$drenorm)
    __dunder                                 0x08006b91   Thumb Code   314  dunder_clz.o(x$fpl$dunder)
    __dunder_d                               0x08006ccb   Thumb Code    64  dunder_clz.o(x$fpl$dunder)
    __fpl_exception                          0x08006d0d   Thumb Code   454  except.o(x$fpl$exception)
    _fp_init                                 0x08006ef9   Thumb Code    10  fpinit.o(x$fpl$fpinit)
    __fplib_config_fpu_vfp                   0x08006f01   Thumb Code     0  fpinit.o(x$fpl$fpinit)
    __fplib_config_pureend_doubles           0x08006f01   Thumb Code     0  fpinit.o(x$fpl$fpinit)
    __fpl_return_NaN                         0x08006f03   Thumb Code   178  retnan.o(x$fpl$retnan)
    __ARM_scalbn                             0x08006fb5   Thumb Code   270  scalbn_clz.o(x$fpl$scalbn)
    _fp_trapveneer                           0x080070c9   Thumb Code    36  trapv.o(x$fpl$trapveneer)
    __fpl_cmpreturn                          0x080070ed   Thumb Code    90  trapv.o(x$fpl$trapveneer)
    __I$use$fp                               0x08007146   Number         0  usenofp.o(x$fpl$usenofp)
    D1CorePrescTable                         0x08007220   Data          16  system_stm32h7xx.o(.constdata)
    EventRecorderInfo                        0x080072fc   Data          24  eventrecorder.o(.constdata)
    __mathlib_zero                           0x080073d8   Data           8  qnan.o(.constdata)
    Region$$Table$$Base                      0x08007474   Number         0  anon$$obj.o(Region$$Table)
    Region$$Table$$Limit                     0x08007494   Number         0  anon$$obj.o(Region$$Table)
    mem5base                                 0x20000000   Data       122880  malloc.o(.ARM.__AT_0x20000000)
    mem5mapbase                              0x2001e000   Data        7680  malloc.o(.ARM.__AT_0x2001E000)
    SystemCoreClock                          0x24000000   Data           4  system_stm32h7xx.o(.data)
    SystemD2Clock                            0x24000004   Data           4  system_stm32h7xx.o(.data)
    __stdout                                 0x2400000c   Data           4  usart.o(.data)
    USART_RX_STA                             0x24000010   Data           2  usart.o(.data)
    aRxBuffer                                0x24000012   Data           1  usart.o(.data)
    rx_num_of_serial_port                    0x24000020   Data           4  uartlcd.o(.data)
    tx_num_of_serial_port                    0x24000024   Data           4  uartlcd.o(.data)
    sys_cmd_tab                              0x24000028   Data          28  usmart.o(.data)
    usmart_nametab                           0x24000044   Data          32  usmart_config.o(.data)
    usmart_dev                               0x24000064   Data         244  usmart_config.o(.data)
    global_data                              0x24000158   Data         264  main.o(.bss)
    USART_RX_BUF                             0x24000260   Data         200  usart.o(.bss)
    UART1_Handler                            0x24000328   Data         128  usart.o(.bss)
    TIM5_Handler                             0x240003a8   Data          64  matrix_core.o(.bss)
    TIM3_Handler                             0x240003e8   Data          64  matrix_core.o(.bss)
    TIM2_Handler                             0x24000428   Data          64  matrix_core.o(.bss)
    SDRAM_Handler                            0x24000468   Data          52  sdram.o(.bss)
    USART2_Handler                           0x2400049c   Data         128  uartlcd.o(.bss)
    tx_manage                                0x2400051c   Data         528  uartlcd.o(.bss)
    rx_manage                                0x2400072c   Data         528  uartlcd.o(.bss)
    SPI2_Handler_FPGA                        0x2400093c   Data         136  fpga_spi.o(.bss)
    SPI2RxDMA_Handler                        0x240009c4   Data         120  fpga_spi.o(.bss)
    SPI2TxDMA_Handler                        0x24000a3c   Data         120  fpga_spi.o(.bss)
    RTC_Handler                              0x24000ab4   Data          36  rtc.o(.bss)
    UART3_Handler                            0x24000ad8   Data         128  uarteth.o(.bss)
    tx_ethmanage                             0x24000b58   Data         524  uarteth.o(.bss)
    rx_ethmanage                             0x24000d64   Data         524  uarteth.o(.bss)
    TIM4_Handler                             0x24000f70   Data          64  usmart.o(.bss)
    __libspace_start                         0x24000fb0   Data          96  libspace.o(.bss)
    __temporary_stack_top$libspace           0x24001010   Data           0  libspace.o(.bss)
    mem3base                                 0x30000000   Data       245760  malloc.o(.ARM.__AT_0x30000000)
    mem3mapbase                              0x3003c000   Data       15360  malloc.o(.ARM.__AT_0x3003C000)
    mem4base                                 0x38000000   Data       61440  malloc.o(.ARM.__AT_0x38000000)
    mem4mapbase                              0x3800f000   Data        3840  malloc.o(.ARM.__AT_0x3800F000)
    sdram_data                               0xc0000000   Data       500000  main.o(.ARM.__AT_0xC0000000)
    mem2base                                 0xc01f4000   Data       29605888  malloc.o(.ARM.__AT_0xC01F4000)
    mem2mapbase                              0xc1e30000   Data       1850368  malloc.o(.ARM.__AT_0xC1E30000)



==============================================================================

Memory Map of the image

  Image Entry point : 0x08000299

  Load Region LR_IROM1 (Base: 0x08000000, Size: 0x000075ec, Max: 0x00200000, ABSOLUTE, COMPRESSED[0x000074e8])

    Execution Region ER_IROM1 (Exec base: 0x08000000, Load base: 0x08000000, Size: 0x00007494, Max: 0x00200000, ABSOLUTE)

    Exec Addr    Load Addr    Size         Type   Attr      Idx    E Section Name        Object

    0x08000000   0x08000000   0x00000298   Data   RO          524    RESET               startup_stm32h743xx.o
    0x08000298   0x08000298   0x00000008   Code   RO         8780  * !!!main             c_w.l(__main.o)
    0x080002a0   0x080002a0   0x00000034   Code   RO         9082    !!!scatter          c_w.l(__scatter.o)
    0x080002d4   0x080002d4   0x0000005a   Code   RO         9080    !!dczerorl2         c_w.l(__dczerorl2.o)
    0x0800032e   0x0800032e   0x00000002   PAD
    0x08000330   0x08000330   0x0000001c   Code   RO         9084    !!handler_zi        c_w.l(__scatter_zi.o)
    0x0800034c   0x0800034c   0x00000000   Code   RO         8769    .ARM.Collect$$_printf_percent$$00000000  c_w.l(_printf_percent.o)
    0x0800034c   0x0800034c   0x00000006   Code   RO         8766    .ARM.Collect$$_printf_percent$$00000009  c_w.l(_printf_d.o)
    0x08000352   0x08000352   0x00000006   Code   RO         8767    .ARM.Collect$$_printf_percent$$0000000A  c_w.l(_printf_u.o)
    0x08000358   0x08000358   0x00000006   Code   RO         8765    .ARM.Collect$$_printf_percent$$0000000C  c_w.l(_printf_x.o)
    0x0800035e   0x0800035e   0x00000006   Code   RO         8763    .ARM.Collect$$_printf_percent$$00000013  c_w.l(_printf_c.o)
    0x08000364   0x08000364   0x00000006   Code   RO         8764    .ARM.Collect$$_printf_percent$$00000014  c_w.l(_printf_s.o)
    0x0800036a   0x0800036a   0x00000004   Code   RO         8817    .ARM.Collect$$_printf_percent$$00000017  c_w.l(_printf_percent_end.o)
    0x0800036e   0x0800036e   0x00000002   Code   RO         8947    .ARM.Collect$$libinit$$00000000  c_w.l(libinit.o)
    0x08000370   0x08000370   0x00000004   Code   RO         8948    .ARM.Collect$$libinit$$00000001  c_w.l(libinit2.o)
    0x08000374   0x08000374   0x00000000   Code   RO         8951    .ARM.Collect$$libinit$$00000004  c_w.l(libinit2.o)
    0x08000374   0x08000374   0x00000000   Code   RO         8954    .ARM.Collect$$libinit$$0000000A  c_w.l(libinit2.o)
    0x08000374   0x08000374   0x00000000   Code   RO         8956    .ARM.Collect$$libinit$$0000000C  c_w.l(libinit2.o)
    0x08000374   0x08000374   0x00000000   Code   RO         8958    .ARM.Collect$$libinit$$0000000E  c_w.l(libinit2.o)
    0x08000374   0x08000374   0x00000000   Code   RO         8961    .ARM.Collect$$libinit$$00000011  c_w.l(libinit2.o)
    0x08000374   0x08000374   0x00000000   Code   RO         8963    .ARM.Collect$$libinit$$00000013  c_w.l(libinit2.o)
    0x08000374   0x08000374   0x00000000   Code   RO         8965    .ARM.Collect$$libinit$$00000015  c_w.l(libinit2.o)
    0x08000374   0x08000374   0x00000000   Code   RO         8967    .ARM.Collect$$libinit$$00000017  c_w.l(libinit2.o)
    0x08000374   0x08000374   0x00000000   Code   RO         8969    .ARM.Collect$$libinit$$00000019  c_w.l(libinit2.o)
    0x08000374   0x08000374   0x00000000   Code   RO         8971    .ARM.Collect$$libinit$$0000001B  c_w.l(libinit2.o)
    0x08000374   0x08000374   0x00000000   Code   RO         8973    .ARM.Collect$$libinit$$0000001D  c_w.l(libinit2.o)
    0x08000374   0x08000374   0x00000000   Code   RO         8975    .ARM.Collect$$libinit$$0000001F  c_w.l(libinit2.o)
    0x08000374   0x08000374   0x00000000   Code   RO         8977    .ARM.Collect$$libinit$$00000021  c_w.l(libinit2.o)
    0x08000374   0x08000374   0x00000000   Code   RO         8979    .ARM.Collect$$libinit$$00000023  c_w.l(libinit2.o)
    0x08000374   0x08000374   0x00000000   Code   RO         8981    .ARM.Collect$$libinit$$00000025  c_w.l(libinit2.o)
    0x08000374   0x08000374   0x00000000   Code   RO         8985    .ARM.Collect$$libinit$$0000002C  c_w.l(libinit2.o)
    0x08000374   0x08000374   0x00000000   Code   RO         8987    .ARM.Collect$$libinit$$0000002E  c_w.l(libinit2.o)
    0x08000374   0x08000374   0x00000000   Code   RO         8989    .ARM.Collect$$libinit$$00000030  c_w.l(libinit2.o)
    0x08000374   0x08000374   0x00000000   Code   RO         8991    .ARM.Collect$$libinit$$00000032  c_w.l(libinit2.o)
    0x08000374   0x08000374   0x00000002   Code   RO         8992    .ARM.Collect$$libinit$$00000033  c_w.l(libinit2.o)
    0x08000376   0x08000376   0x00000002   Code   RO         9042    .ARM.Collect$$libshutdown$$00000000  c_w.l(libshutdown.o)
    0x08000378   0x08000378   0x00000000   Code   RO         9063    .ARM.Collect$$libshutdown$$00000002  c_w.l(libshutdown2.o)
    0x08000378   0x08000378   0x00000000   Code   RO         9065    .ARM.Collect$$libshutdown$$00000004  c_w.l(libshutdown2.o)
    0x08000378   0x08000378   0x00000000   Code   RO         9068    .ARM.Collect$$libshutdown$$00000007  c_w.l(libshutdown2.o)
    0x08000378   0x08000378   0x00000000   Code   RO         9071    .ARM.Collect$$libshutdown$$0000000A  c_w.l(libshutdown2.o)
    0x08000378   0x08000378   0x00000000   Code   RO         9073    .ARM.Collect$$libshutdown$$0000000C  c_w.l(libshutdown2.o)
    0x08000378   0x08000378   0x00000000   Code   RO         9076    .ARM.Collect$$libshutdown$$0000000F  c_w.l(libshutdown2.o)
    0x08000378   0x08000378   0x00000002   Code   RO         9077    .ARM.Collect$$libshutdown$$00000010  c_w.l(libshutdown2.o)
    0x0800037a   0x0800037a   0x00000000   Code   RO         8798    .ARM.Collect$$rtentry$$00000000  c_w.l(__rtentry.o)
    0x0800037a   0x0800037a   0x00000000   Code   RO         8859    .ARM.Collect$$rtentry$$00000002  c_w.l(__rtentry2.o)
    0x0800037a   0x0800037a   0x00000006   Code   RO         8871    .ARM.Collect$$rtentry$$00000004  c_w.l(__rtentry4.o)
    0x08000380   0x08000380   0x00000000   Code   RO         8861    .ARM.Collect$$rtentry$$00000009  c_w.l(__rtentry2.o)
    0x08000380   0x08000380   0x00000004   Code   RO         8862    .ARM.Collect$$rtentry$$0000000A  c_w.l(__rtentry2.o)
    0x08000384   0x08000384   0x00000000   Code   RO         8864    .ARM.Collect$$rtentry$$0000000C  c_w.l(__rtentry2.o)
    0x08000384   0x08000384   0x00000008   Code   RO         8865    .ARM.Collect$$rtentry$$0000000D  c_w.l(__rtentry2.o)
    0x0800038c   0x0800038c   0x00000002   Code   RO         8999    .ARM.Collect$$rtexit$$00000000  c_w.l(rtexit.o)
    0x0800038e   0x0800038e   0x00000000   Code   RO         9014    .ARM.Collect$$rtexit$$00000002  c_w.l(rtexit2.o)
    0x0800038e   0x0800038e   0x00000004   Code   RO         9015    .ARM.Collect$$rtexit$$00000003  c_w.l(rtexit2.o)
    0x08000392   0x08000392   0x00000006   Code   RO         9016    .ARM.Collect$$rtexit$$00000004  c_w.l(rtexit2.o)
    0x08000398   0x08000398   0x00000040   Code   RO          525    .text               startup_stm32h743xx.o
    0x080003d8   0x080003d8   0x000000ee   Code   RO         8704    .text               c_w.l(lludivv7m.o)
    0x080004c6   0x080004c6   0x00000002   PAD
    0x080004c8   0x080004c8   0x00000018   Code   RO         8710    .text               c_w.l(noretval__2printf.o)
    0x080004e0   0x080004e0   0x0000004e   Code   RO         8716    .text               c_w.l(_printf_pad.o)
    0x0800052e   0x0800052e   0x00000052   Code   RO         8718    .text               c_w.l(_printf_str.o)
    0x08000580   0x08000580   0x00000078   Code   RO         8720    .text               c_w.l(_printf_dec.o)
    0x080005f8   0x080005f8   0x00000058   Code   RO         8725    .text               c_w.l(_printf_hex_int.o)
    0x08000650   0x08000650   0x00000188   Code   RO         8760    .text               c_w.l(__printf_flags_ss_wp.o)
    0x080007d8   0x080007d8   0x00000064   Code   RO         8772    .text               c_w.l(rt_memcpy_w.o)
    0x0800083c   0x0800083c   0x00000006   Code   RO         8778    .text               c_w.l(heapauxi.o)
    0x08000842   0x08000842   0x00000016   Code   RO         8803    .text               c_w.l(_rserrno.o)
    0x08000858   0x08000858   0x000000b2   Code   RO         8805    .text               c_w.l(_printf_intcommon.o)
    0x0800090a   0x0800090a   0x00000002   PAD
    0x0800090c   0x0800090c   0x00000030   Code   RO         8809    .text               c_w.l(_printf_char_common.o)
    0x0800093c   0x0800093c   0x0000002c   Code   RO         8813    .text               c_w.l(_printf_char.o)
    0x08000968   0x08000968   0x00000024   Code   RO         8815    .text               c_w.l(_printf_char_file.o)
    0x0800098c   0x0800098c   0x00000008   Code   RO         8883    .text               c_w.l(rt_errno_addr_intlibspace.o)
    0x08000994   0x08000994   0x00000008   Code   RO         8916    .text               c_w.l(ferror.o)
    0x0800099c   0x0800099c   0x00000008   Code   RO         8931    .text               c_w.l(libspace.o)
    0x080009a4   0x080009a4   0x0000004a   Code   RO         8934    .text               c_w.l(sys_stackheap_outer.o)
    0x080009ee   0x080009ee   0x00000012   Code   RO         8936    .text               c_w.l(exit.o)
    0x08000a00   0x08000a00   0x0000000e   Code   RO         8938    .text               c_w.l(defsig_fpe_outer.o)
    0x08000a0e   0x08000a0e   0x00000002   PAD
    0x08000a10   0x08000a10   0x00000030   Code   RO         9003    .text               c_w.l(_fptrap.o)
    0x08000a40   0x08000a40   0x0000000a   Code   RO         9005    .text               c_w.l(defsig_exit.o)
    0x08000a4a   0x08000a4a   0x00000002   PAD
    0x08000a4c   0x08000a4c   0x000000ac   Code   RO         9007    .text               c_w.l(defsig_fpe_inner.o)
    0x08000af8   0x08000af8   0x00000032   Code   RO         9022    .text               c_w.l(defsig_general.o)
    0x08000b2a   0x08000b2a   0x0000000e   Code   RO         9028    .text               c_w.l(sys_wrch.o)
    0x08000b38   0x08000b38   0x00000002   Code   RO         9043    .text               c_w.l(use_no_semi.o)
    0x08000b3a   0x08000b3a   0x00000000   Code   RO         9045    .text               c_w.l(indicate_semi.o)
    0x08000b3a   0x08000b3a   0x00000004   Code   RO          376    i.BusFault_Handler  stm32h7xx_it.o
    0x08000b3e   0x08000b3e   0x00000002   PAD
    0x08000b40   0x08000b40   0x0000001c   Code   RO          572    i.Cache_Enable      sys.o
    0x08000b5c   0x08000b5c   0x00000010   Code   RO         6994    i.DMA1_Stream0_IRQHandler  fpga_spi.o
    0x08000b6c   0x08000b6c   0x00000010   Code   RO         6995    i.DMA1_Stream1_IRQHandler  fpga_spi.o
    0x08000b7c   0x08000b7c   0x00000002   Code   RO          377    i.DebugMon_Handler  stm32h7xx_it.o
    0x08000b7e   0x08000b7e   0x00000002   PAD
    0x08000b80   0x08000b80   0x0000001c   Code   RO         7102    i.EXTI1_IRQHandler  exti.o
    0x08000b9c   0x08000b9c   0x0000000c   Code   RO         7103    i.EXTI2_IRQHandler  exti.o
    0x08000ba8   0x08000ba8   0x0000000c   Code   RO         7104    i.EXTI3_IRQHandler  exti.o
    0x08000bb4   0x08000bb4   0x00000010   Code   RO         6421    i.EXTI9_5_IRQHandler  zlg7290.o
    0x08000bc4   0x08000bc4   0x00000074   Code   RO         3971    i.FMC_SDRAM_Init    stm32h7xx_ll_fmc.o
    0x08000c38   0x08000c38   0x0000000e   Code   RO         3972    i.FMC_SDRAM_ProgramRefreshRate  stm32h7xx_ll_fmc.o
    0x08000c46   0x08000c46   0x00000026   Code   RO         3973    i.FMC_SDRAM_SendCommand  stm32h7xx_ll_fmc.o
    0x08000c6c   0x08000c6c   0x0000009c   Code   RO         3975    i.FMC_SDRAM_Timing_Init  stm32h7xx_ll_fmc.o
    0x08000d08   0x08000d08   0x000000f8   Code   RO         1320    i.HAL_DMA_Abort_IT  stm32h7xx_hal_dma.o
    0x08000e00   0x08000e00   0x0000044c   Code   RO         1324    i.HAL_DMA_IRQHandler  stm32h7xx_hal_dma.o
    0x0800124c   0x0800124c   0x00000014   Code   RO          867    i.HAL_EnableCompensationCell  stm32h7xx_hal.o
    0x08001260   0x08001260   0x0000024c   Code   RO         1507    i.HAL_GPIO_Init     stm32h7xx_hal_gpio.o
    0x080014ac   0x080014ac   0x0000000c   Code   RO          874    i.HAL_GetTick       stm32h7xx_hal.o
    0x080014b8   0x080014b8   0x00000018   Code   RO          877    i.HAL_IncTick       stm32h7xx_hal.o
    0x080014d0   0x080014d0   0x0000001c   Code   RO          878    i.HAL_Init          stm32h7xx_hal.o
    0x080014ec   0x080014ec   0x0000004c   Code   RO          879    i.HAL_InitTick      stm32h7xx_hal.o
    0x08001538   0x08001538   0x00000002   Code   RO          494    i.HAL_MspInit       stm32h7xx_hal_msp.o
    0x0800153a   0x0800153a   0x00000020   Code   RO         1172    i.HAL_NVIC_EnableIRQ  stm32h7xx_hal_cortex.o
    0x0800155a   0x0800155a   0x0000007a   Code   RO         1178    i.HAL_NVIC_SetPriority  stm32h7xx_hal_cortex.o
    0x080015d4   0x080015d4   0x00000028   Code   RO         1179    i.HAL_NVIC_SetPriorityGrouping  stm32h7xx_hal_cortex.o
    0x080015fc   0x080015fc   0x00000038   Code   RO         2202    i.HAL_RCCEx_GetD1SysClockFreq  stm32h7xx_hal_rcc_ex.o
    0x08001634   0x08001634   0x0000002c   Code   RO         2203    i.HAL_RCCEx_GetD3PCLK1Freq  stm32h7xx_hal_rcc_ex.o
    0x08001660   0x08001660   0x0000022c   Code   RO         2205    i.HAL_RCCEx_GetPLL2ClockFreq  stm32h7xx_hal_rcc_ex.o
    0x0800188c   0x0800188c   0x0000022c   Code   RO         2206    i.HAL_RCCEx_GetPLL3ClockFreq  stm32h7xx_hal_rcc_ex.o
    0x08001ab8   0x08001ab8   0x00000250   Code   RO         2093    i.HAL_RCC_ClockConfig  stm32h7xx_hal_rcc.o
    0x08001d08   0x08001d08   0x00000038   Code   RO         2097    i.HAL_RCC_GetHCLKFreq  stm32h7xx_hal_rcc.o
    0x08001d40   0x08001d40   0x0000002c   Code   RO         2099    i.HAL_RCC_GetPCLK1Freq  stm32h7xx_hal_rcc.o
    0x08001d6c   0x08001d6c   0x0000002c   Code   RO         2100    i.HAL_RCC_GetPCLK2Freq  stm32h7xx_hal_rcc.o
    0x08001d98   0x08001d98   0x00000244   Code   RO         2101    i.HAL_RCC_GetSysClockFreq  stm32h7xx_hal_rcc.o
    0x08001fdc   0x08001fdc   0x000006c4   Code   RO         2104    i.HAL_RCC_OscConfig  stm32h7xx_hal_rcc.o
    0x080026a0   0x080026a0   0x00000002   Code   RO         5618    i.HAL_RTCEx_AlarmBEventCallback  stm32h7xx_hal_rtc_ex.o
    0x080026a2   0x080026a2   0x00000002   Code   RO         7766    i.HAL_RTCEx_WakeUpTimerEventCallback  rtc.o
    0x080026a4   0x080026a4   0x00000038   Code   RO         5654    i.HAL_RTCEx_WakeUpTimerIRQHandler  stm32h7xx_hal_rtc_ex.o
    0x080026dc   0x080026dc   0x00000018   Code   RO         7767    i.HAL_RTC_AlarmAEventCallback  rtc.o
    0x080026f4   0x080026f4   0x0000006c   Code   RO         5479    i.HAL_RTC_AlarmIRQHandler  stm32h7xx_hal_rtc.o
    0x08002760   0x08002760   0x00000050   Code   RO         4322    i.HAL_SDRAM_Init    stm32h7xx_hal_sdram.o
    0x080027b0   0x080027b0   0x0000013c   Code   RO         6279    i.HAL_SDRAM_MspInit  sdram.o
    0x080028ec   0x080028ec   0x00000028   Code   RO         4325    i.HAL_SDRAM_ProgramRefreshRate  stm32h7xx_hal_sdram.o
    0x08002914   0x08002914   0x0000003a   Code   RO         4331    i.HAL_SDRAM_SendCommand  stm32h7xx_hal_sdram.o
    0x0800294e   0x0800294e   0x00000002   Code   RO         5123    i.HAL_SPI_ErrorCallback  stm32h7xx_hal_spi.o
    0x08002950   0x08002950   0x0000024c   Code   RO         5126    i.HAL_SPI_IRQHandler  stm32h7xx_hal_spi.o
    0x08002b9c   0x08002b9c   0x00000002   Code   RO         5133    i.HAL_SPI_RxCpltCallback  stm32h7xx_hal_spi.o
    0x08002b9e   0x08002b9e   0x00000002   Code   RO         5141    i.HAL_SPI_TxCpltCallback  stm32h7xx_hal_spi.o
    0x08002ba0   0x08002ba0   0x00000002   Code   RO         5143    i.HAL_SPI_TxRxCpltCallback  stm32h7xx_hal_spi.o
    0x08002ba2   0x08002ba2   0x00000028   Code   RO         1181    i.HAL_SYSTICK_CLKSourceConfig  stm32h7xx_hal_cortex.o
    0x08002bca   0x08002bca   0x00000034   Code   RO         1183    i.HAL_SYSTICK_Config  stm32h7xx_hal_cortex.o
    0x08002bfe   0x08002bfe   0x00000002   Code   RO         3697    i.HAL_TIMEx_BreakCallback  stm32h7xx_hal_tim_ex.o
    0x08002c00   0x08002c00   0x00000002   Code   RO         3698    i.HAL_TIMEx_CommutationCallback  stm32h7xx_hal_tim_ex.o
    0x08002c02   0x08002c02   0x00000034   Code   RO         3042    i.HAL_TIM_Base_Init  stm32h7xx_hal_tim.o
    0x08002c36   0x08002c36   0x00000002   PAD
    0x08002c38   0x08002c38   0x000000b4   Code   RO          701    i.HAL_TIM_Base_MspInit  matrix_core.o
    0x08002cec   0x08002cec   0x0000001e   Code   RO         3047    i.HAL_TIM_Base_Start_IT  stm32h7xx_hal_tim.o
    0x08002d0a   0x08002d0a   0x00000002   Code   RO         3071    i.HAL_TIM_IC_CaptureCallback  stm32h7xx_hal_tim.o
    0x08002d0c   0x08002d0c   0x000001b8   Code   RO         3084    i.HAL_TIM_IRQHandler  stm32h7xx_hal_tim.o
    0x08002ec4   0x08002ec4   0x00000002   Code   RO         3087    i.HAL_TIM_OC_DelayElapsedCallback  stm32h7xx_hal_tim.o
    0x08002ec6   0x08002ec6   0x00000002   Code   RO         3114    i.HAL_TIM_PWM_PulseFinishedCallback  stm32h7xx_hal_tim.o
    0x08002ec8   0x08002ec8   0x00000030   Code   RO          702    i.HAL_TIM_PeriodElapsedCallback  matrix_core.o
    0x08002ef8   0x08002ef8   0x00000002   Code   RO         3125    i.HAL_TIM_TriggerCallback  stm32h7xx_hal_tim.o
    0x08002efa   0x08002efa   0x00000002   Code   RO         2716    i.HAL_UARTEx_WakeupCallback  stm32h7xx_hal_uart_ex.o
    0x08002efc   0x08002efc   0x00000002   Code   RO         2380    i.HAL_UART_ErrorCallback  stm32h7xx_hal_uart.o
    0x08002efe   0x08002efe   0x00000014   Code   RO         2382    i.HAL_UART_GetState  stm32h7xx_hal_uart.o
    0x08002f12   0x08002f12   0x00000002   PAD
    0x08002f14   0x08002f14   0x000001bc   Code   RO         2383    i.HAL_UART_IRQHandler  stm32h7xx_hal_uart.o
    0x080030d0   0x080030d0   0x00000078   Code   RO         2384    i.HAL_UART_Init     stm32h7xx_hal_uart.o
    0x08003148   0x08003148   0x00000098   Code   RO          633    i.HAL_UART_MspInit  usart.o
    0x080031e0   0x080031e0   0x00000112   Code   RO         2387    i.HAL_UART_Receive  stm32h7xx_hal_uart.o
    0x080032f2   0x080032f2   0x000000e0   Code   RO         2389    i.HAL_UART_Receive_IT  stm32h7xx_hal_uart.o
    0x080033d2   0x080033d2   0x00000002   PAD
    0x080033d4   0x080033d4   0x00000088   Code   RO          634    i.HAL_UART_RxCpltCallback  usart.o
    0x0800345c   0x0800345c   0x00000002   Code   RO         2395    i.HAL_UART_TxCpltCallback  stm32h7xx_hal_uart.o
    0x0800345e   0x0800345e   0x00000004   Code   RO          378    i.HardFault_Handler  stm32h7xx_it.o
    0x08003462   0x08003462   0x00000002   PAD
    0x08003464   0x08003464   0x00000040   Code   RO         6895    i.Instruction_rx    uartlcd.o
    0x080034a4   0x080034a4   0x00000004   Code   RO          379    i.MemManage_Handler  stm32h7xx_it.o
    0x080034a8   0x080034a8   0x00000002   Code   RO          380    i.NMI_Handler       stm32h7xx_it.o
    0x080034aa   0x080034aa   0x00000002   PAD
    0x080034ac   0x080034ac   0x00000028   Code   RO         6897    i.Parameter_datasheet_clear_tx  uartlcd.o
    0x080034d4   0x080034d4   0x00000108   Code   RO         6898    i.Parameter_datasheet_data_tx  uartlcd.o
    0x080035dc   0x080035dc   0x00000014   Code   RO         6899    i.Parameter_error   uartlcd.o
    0x080035f0   0x080035f0   0x00000002   Code   RO         6900    i.Parameter_key_rx  uartlcd.o
    0x080035f2   0x080035f2   0x00000002   PAD
    0x080035f4   0x080035f4   0x00000104   Code   RO         6901    i.Parameter_labal_tx  uartlcd.o
    0x080036f8   0x080036f8   0x00000128   Code   RO         6902    i.Parameter_wave_tx  uartlcd.o
    0x08003820   0x08003820   0x00000002   Code   RO          381    i.PendSV_Handler    stm32h7xx_it.o
    0x08003822   0x08003822   0x00000002   PAD
    0x08003824   0x08003824   0x00000010   Code   RO         7769    i.RTC_Alarm_IRQHandler  rtc.o
    0x08003834   0x08003834   0x00000010   Code   RO         7775    i.RTC_WKUP_IRQHandler  rtc.o
    0x08003844   0x08003844   0x0000009c   Code   RO          575    i.SCB_EnableDCache  sys.o
    0x080038e0   0x080038e0   0x0000007c   Code   RO          576    i.SCB_EnableICache  sys.o
    0x0800395c   0x0800395c   0x00000068   Code   RO         6280    i.SDRAM_Init        sdram.o
    0x080039c4   0x080039c4   0x00000054   Code   RO         6281    i.SDRAM_Initialization_Sequence  sdram.o
    0x08003a18   0x08003a18   0x00000048   Code   RO         6282    i.SDRAM_Send_Cmd    sdram.o
    0x08003a60   0x08003a60   0x00000010   Code   RO         7000    i.SPI2_IRQHandler   fpga_spi.o
    0x08003a70   0x08003a70   0x000000fc   Code   RO         5152    i.SPI_CloseTransfer  stm32h7xx_hal_spi.o
    0x08003b6c   0x08003b6c   0x0000001c   Code   RO         5153    i.SPI_DMAAbortOnError  stm32h7xx_hal_spi.o
    0x08003b88   0x08003b88   0x00000002   Code   RO          382    i.SVC_Handler       stm32h7xx_it.o
    0x08003b8a   0x08003b8a   0x00000002   PAD
    0x08003b8c   0x08003b8c   0x000000f8   Code   RO          577    i.Stm32_Clock_Init  sys.o
    0x08003c84   0x08003c84   0x00000008   Code   RO          383    i.SysTick_Handler   stm32h7xx_it.o
    0x08003c8c   0x08003c8c   0x00000094   Code   RO          457    i.SystemInit        system_stm32h7xx.o
    0x08003d20   0x08003d20   0x00000010   Code   RO          706    i.TIM2_IRQHandler   matrix_core.o
    0x08003d30   0x08003d30   0x00000010   Code   RO          707    i.TIM3_IRQHandler   matrix_core.o
    0x08003d40   0x08003d40   0x00000044   Code   RO         8078    i.TIM4_IRQHandler   usmart.o
    0x08003d84   0x08003d84   0x00000010   Code   RO          708    i.TIM5_IRQHandler   matrix_core.o
    0x08003d94   0x08003d94   0x000000cc   Code   RO         3126    i.TIM_Base_SetConfig  stm32h7xx_hal_tim.o
    0x08003e60   0x08003e60   0x0000005c   Code   RO         8079    i.Timer4_Init       usmart.o
    0x08003ebc   0x08003ebc   0x000000ea   Code   RO         2397    i.UART_AdvFeatureConfig  stm32h7xx_hal_uart.o
    0x08003fa6   0x08003fa6   0x00000074   Code   RO         2398    i.UART_CheckIdleState  stm32h7xx_hal_uart.o
    0x0800401a   0x0800401a   0x00000018   Code   RO         2399    i.UART_DMAAbortOnError  stm32h7xx_hal_uart.o
    0x08004032   0x08004032   0x00000020   Code   RO         2409    i.UART_EndRxTransfer  stm32h7xx_hal_uart.o
    0x08004052   0x08004052   0x00000020   Code   RO         2410    i.UART_EndTransmit_IT  stm32h7xx_hal_uart.o
    0x08004072   0x08004072   0x0000008a   Code   RO         2412    i.UART_Receive_IT   stm32h7xx_hal_uart.o
    0x080040fc   0x080040fc   0x000009a4   Code   RO         2413    i.UART_SetConfig    stm32h7xx_hal_uart.o
    0x08004aa0   0x08004aa0   0x00000082   Code   RO         2414    i.UART_Transmit_IT  stm32h7xx_hal_uart.o
    0x08004b22   0x08004b22   0x0000006c   Code   RO         2415    i.UART_WaitOnFlagUntilTimeout  stm32h7xx_hal_uart.o
    0x08004b8e   0x08004b8e   0x00000002   PAD
    0x08004b90   0x08004b90   0x00000050   Code   RO          635    i.USART1_IRQHandler  usart.o
    0x08004be0   0x08004be0   0x000000fc   Code   RO         6903    i.USART2_IRQHandler  uartlcd.o
    0x08004cdc   0x08004cdc   0x00000048   Code   RO         7851    i.USART3_IRQHandler  uarteth.o
    0x08004d24   0x08004d24   0x00000004   Code   RO          384    i.UsageFault_Handler  stm32h7xx_it.o
    0x08004d28   0x08004d28   0x00000030   Code   RO         8841    i.__ARM_fpclassify  m_wv.l(fpclassify.o)
    0x08004d58   0x08004d58   0x00000010   Code   RO         1185    i.__NVIC_GetPriorityGrouping  stm32h7xx_hal_cortex.o
    0x08004d68   0x08004d68   0x00000028   Code   RO         1186    i.__NVIC_SetPriority  stm32h7xx_hal_cortex.o
    0x08004d90   0x08004d90   0x000008f8   Code   RO         8784    i.__hardfp_pow      m_wv.l(pow.o)
    0x08005688   0x08005688   0x00000070   Code   RO         8843    i.__kernel_poly     m_wv.l(poly.o)
    0x080056f8   0x080056f8   0x00000020   Code   RO         8821    i.__mathlib_dbl_divzero  m_wv.l(dunder.o)
    0x08005718   0x08005718   0x00000006   Code   RO         8823    i.__mathlib_dbl_infnan2  m_wv.l(dunder.o)
    0x0800571e   0x0800571e   0x00000002   PAD
    0x08005720   0x08005720   0x00000018   Code   RO         8824    i.__mathlib_dbl_invalid  m_wv.l(dunder.o)
    0x08005738   0x08005738   0x00000018   Code   RO         8825    i.__mathlib_dbl_overflow  m_wv.l(dunder.o)
    0x08005750   0x08005750   0x00000018   Code   RO         8827    i.__mathlib_dbl_underflow  m_wv.l(dunder.o)
    0x08005768   0x08005768   0x0000000e   Code   RO         8753    i._is_digit         c_w.l(__printf_wp.o)
    0x08005776   0x08005776   0x00000004   Code   RO          636    i._sys_exit         usart.o
    0x0800577a   0x0800577a   0x0000001e   Code   RO         6904    i.data_size_u32     uartlcd.o
    0x08005798   0x08005798   0x00000014   Code   RO          532    i.delay_init        delay.o
    0x080057ac   0x080057ac   0x00000018   Code   RO          533    i.delay_ms          delay.o
    0x080057c4   0x080057c4   0x00000048   Code   RO          534    i.delay_us          delay.o
    0x0800580c   0x0800580c   0x00000018   Code   RO         8837    i.fabs              m_wv.l(fabs.o)
    0x08005824   0x08005824   0x0000001c   Code   RO          637    i.fputc             usart.o
    0x08005840   0x08005840   0x00000038   Code   RO         8284    i.global_functions_init  center.o
    0x08005878   0x08005878   0x00000002   Code   RO         8285    i.global_parameter_init  center.o
    0x0800587a   0x0800587a   0x00000002   PAD
    0x0800587c   0x0800587c   0x00000050   Code   RO         6905    i.instructions      uartlcd.o
    0x080058cc   0x080058cc   0x00000038   Code   RO            4    i.main              main.o
    0x08005904   0x08005904   0x00000006   Code   RO         8080    i.read_addr         usmart.o
    0x0800590a   0x0800590a   0x0000006a   Code   RO         8848    i.sqrt              m_wv.l(sqrt_full.o)
    0x08005974   0x08005974   0x00000002   Code   RO         8286    i.test_bench_multip  center.o
    0x08005976   0x08005976   0x00000002   Code   RO         8287    i.test_bench_single  center.o
    0x08005978   0x08005978   0x00000038   Code   RO          638    i.uart_init         usart.o
    0x080059b0   0x080059b0   0x000000b0   Code   RO         8081    i.usmart_cmd_rec    usmart.o
    0x08005a60   0x08005a60   0x000002d4   Code   RO         8082    i.usmart_exe        usmart.o
    0x08005d34   0x08005d34   0x000000d4   Code   RO         8198    i.usmart_get_aparm  usmart_str.o
    0x08005e08   0x08005e08   0x00000036   Code   RO         8199    i.usmart_get_cmdname  usmart_str.o
    0x08005e3e   0x08005e3e   0x00000002   PAD
    0x08005e40   0x08005e40   0x000001c0   Code   RO         8200    i.usmart_get_fname  usmart_str.o
    0x08006000   0x08006000   0x0000010c   Code   RO         8201    i.usmart_get_fparam  usmart_str.o
    0x0800610c   0x0800610c   0x00000020   Code   RO         8202    i.usmart_get_parmpos  usmart_str.o
    0x0800612c   0x0800612c   0x00000044   Code   RO         8083    i.usmart_get_runtime  usmart.o
    0x08006170   0x08006170   0x00000028   Code   RO         8084    i.usmart_init       usmart.o
    0x08006198   0x08006198   0x00000016   Code   RO         8203    i.usmart_pow        usmart_str.o
    0x080061ae   0x080061ae   0x00000002   PAD
    0x080061b0   0x080061b0   0x00000034   Code   RO         8085    i.usmart_reset_runtime  usmart.o
    0x080061e4   0x080061e4   0x000000bc   Code   RO         8086    i.usmart_scan       usmart.o
    0x080062a0   0x080062a0   0x00000016   Code   RO         8204    i.usmart_search_nextc  usmart_str.o
    0x080062b6   0x080062b6   0x00000106   Code   RO         8205    i.usmart_str2num    usmart_str.o
    0x080063bc   0x080063bc   0x00000022   Code   RO         8206    i.usmart_strcmp     usmart_str.o
    0x080063de   0x080063de   0x00000016   Code   RO         8207    i.usmart_strcopy    usmart_str.o
    0x080063f4   0x080063f4   0x00000018   Code   RO         8208    i.usmart_strlen     usmart_str.o
    0x0800640c   0x0800640c   0x000006f4   Code   RO         8087    i.usmart_sys_cmd_exe  usmart.o
    0x08006b00   0x08006b00   0x00000004   Code   RO         8088    i.write_addr        usmart.o
    0x08006b04   0x08006b04   0x0000001c   Code   RO         8923    x$fpl$dcheck1       g_wv.l(dcheck1.o)
    0x08006b20   0x08006b20   0x00000070   Code   RO         8993    x$fpl$drenorm       g_wv.l(drenorm_clz.o)
    0x08006b90   0x08006b90   0x0000017a   Code   RO         8925    x$fpl$dunder        g_wv.l(dunder_clz.o)
    0x08006d0a   0x08006d0a   0x00000002   PAD
    0x08006d0c   0x08006d0c   0x000001ec   Code   RO         8927    x$fpl$exception     g_wv.l(except.o)
    0x08006ef8   0x08006ef8   0x0000000a   Code   RO         9011    x$fpl$fpinit        g_wv.l(fpinit.o)
    0x08006f02   0x08006f02   0x000000b2   Code   RO         8995    x$fpl$retnan        g_wv.l(retnan.o)
    0x08006fb4   0x08006fb4   0x00000114   Code   RO         8818    x$fpl$scalbn        g_wv.l(scalbn_clz.o)
    0x080070c8   0x080070c8   0x0000007e   Code   RO         8997    x$fpl$trapveneer    g_wv.l(trapv.o)
    0x08007146   0x08007146   0x00000000   Code   RO         8820    x$fpl$usenofp       g_wv.l(usenofp.o)
    0x08007146   0x08007146   0x00000002   PAD
    0x08007148   0x08007148   0x000000a8   Data   RO            7    .constdata          main.o
    0x080071f0   0x080071f0   0x00000040   Data   RO          458    .constdata          system_stm32h7xx.o
    0x08007230   0x08007230   0x00000030   Data   RO         2416    .constdata          stm32h7xx_hal_uart.o
    0x08007260   0x08007260   0x0000006c   Data   RO         6908    .constdata          uartlcd.o
    0x080072cc   0x080072cc   0x00000048   Data   RO         8351    .constdata          eventrecorder.o
    0x08007314   0x08007314   0x00000028   Data   RO         8726    .constdata          c_w.l(_printf_hex_int.o)
    0x0800733c   0x0800733c   0x00000011   Data   RO         8761    .constdata          c_w.l(__printf_flags_ss_wp.o)
    0x0800734d   0x0800734d   0x00000003   PAD
    0x08007350   0x08007350   0x00000088   Data   RO         8787    .constdata          m_wv.l(pow.o)
    0x080073d8   0x080073d8   0x00000008   Data   RO         8845    .constdata          m_wv.l(qnan.o)
    0x080073e0   0x080073e0   0x00000028   Data   RO         8091    .conststring        usmart.o
    0x08007408   0x08007408   0x0000006b   Data   RO         8173    .conststring        usmart_config.o
    0x08007473   0x08007473   0x00000001   PAD
    0x08007474   0x08007474   0x00000020   Data   RO         9078    Region$$Table       anon$$obj.o


    Execution Region RW_IRAM2 (Exec base: 0x24000000, Load base: 0x08007494, Size: 0x00001ae8, Max: 0x00080000, ABSOLUTE, COMPRESSED[0x00000054])

    Exec Addr    Load Addr    Size         Type   Attr      Idx    E Section Name        Object

    0x24000000   COMPRESSED   0x00000008   Data   RW          459    .data               system_stm32h7xx.o
    0x24000008   COMPRESSED   0x00000004   Data   RW          536    .data               delay.o
    0x2400000c   COMPRESSED   0x00000007   Data   RW          641    .data               usart.o
    0x24000013   COMPRESSED   0x00000001   PAD
    0x24000014   COMPRESSED   0x00000009   Data   RW          901    .data               stm32h7xx_hal.o
    0x2400001d   COMPRESSED   0x00000003   PAD
    0x24000020   COMPRESSED   0x00000008   Data   RW         6909    .data               uartlcd.o
    0x24000028   COMPRESSED   0x0000001c   Data   RW         8092    .data               usmart.o
    0x24000044   COMPRESSED   0x00000114   Data   RW         8174    .data               usmart_config.o
    0x24000158        -       0x00000108   Zero   RW            6    .bss                main.o
    0x24000260        -       0x00000148   Zero   RW          639    .bss                usart.o
    0x240003a8        -       0x000000c0   Zero   RW          716    .bss                matrix_core.o
    0x24000468        -       0x00000034   Zero   RW         6283    .bss                sdram.o
    0x2400049c        -       0x000004a0   Zero   RW         6907    .bss                uartlcd.o
    0x2400093c        -       0x00000178   Zero   RW         7003    .bss                fpga_spi.o
    0x24000ab4        -       0x00000024   Zero   RW         7776    .bss                rtc.o
    0x24000ad8        -       0x00000498   Zero   RW         7856    .bss                uarteth.o
    0x24000f70        -       0x00000040   Zero   RW         8089    .bss                usmart.o
    0x24000fb0        -       0x00000060   Zero   RW         8932    .bss                c_w.l(libspace.o)
    0x24001010   COMPRESSED   0x00000030   PAD
    0x24001040        -       0x000004a4   Zero   RW         8350    .bss.noinit         eventrecorder.o
    0x240014e4   COMPRESSED   0x00000004   PAD
    0x240014e8        -       0x00000200   Zero   RW          523    HEAP                startup_stm32h743xx.o
    0x240016e8        -       0x00000400   Zero   RW          522    STACK               startup_stm32h743xx.o



  Load Region LR$$.ARM.__AT_0x00000000 (Base: 0x00000000, Size: 0x00000000, Max: 0x0000f000, ABSOLUTE)

    Execution Region ER$$.ARM.__AT_0x00000000 (Exec base: 0x00000000, Load base: 0x00000000, Size: 0x0000f000, Max: 0x0000f000, ABSOLUTE, UNINIT)

    Exec Addr    Load Addr    Size         Type   Attr      Idx    E Section Name        Object

    0x00000000        -       0x0000f000   Zero   RW         7160    .ARM.__AT_0x00000000  malloc.o



  Load Region LR$$.ARM.__AT_0x0000F000 (Base: 0x0000f000, Size: 0x00000000, Max: 0x00000f00, ABSOLUTE)

    Execution Region ER$$.ARM.__AT_0x0000F000 (Exec base: 0x0000f000, Load base: 0x0000f000, Size: 0x00000f00, Max: 0x00000f00, ABSOLUTE, UNINIT)

    Exec Addr    Load Addr    Size         Type   Attr      Idx    E Section Name        Object

    0x0000f000        -       0x00000f00   Zero   RW         7161    .ARM.__AT_0x0000F000  malloc.o



  Load Region LR$$.ARM.__AT_0x20000000 (Base: 0x20000000, Size: 0x00000000, Max: 0x0001e000, ABSOLUTE)

    Execution Region ER$$.ARM.__AT_0x20000000 (Exec base: 0x20000000, Load base: 0x20000000, Size: 0x0001e000, Max: 0x0001e000, ABSOLUTE, UNINIT)

    Exec Addr    Load Addr    Size         Type   Attr      Idx    E Section Name        Object

    0x20000000        -       0x0001e000   Zero   RW         7162    .ARM.__AT_0x20000000  malloc.o



  Load Region LR$$.ARM.__AT_0x2001E000 (Base: 0x2001e000, Size: 0x00000000, Max: 0x00001e00, ABSOLUTE)

    Execution Region ER$$.ARM.__AT_0x2001E000 (Exec base: 0x2001e000, Load base: 0x2001e000, Size: 0x00001e00, Max: 0x00001e00, ABSOLUTE, UNINIT)

    Exec Addr    Load Addr    Size         Type   Attr      Idx    E Section Name        Object

    0x2001e000        -       0x00001e00   Zero   RW         7163    .ARM.__AT_0x2001E000  malloc.o



  Load Region LR$$.ARM.__AT_0x30000000 (Base: 0x30000000, Size: 0x00000000, Max: 0x0003c000, ABSOLUTE)

    Execution Region ER$$.ARM.__AT_0x30000000 (Exec base: 0x30000000, Load base: 0x30000000, Size: 0x0003c000, Max: 0x0003c000, ABSOLUTE, UNINIT)

    Exec Addr    Load Addr    Size         Type   Attr      Idx    E Section Name        Object

    0x30000000        -       0x0003c000   Zero   RW         7164    .ARM.__AT_0x30000000  malloc.o



  Load Region LR$$.ARM.__AT_0x3003C000 (Base: 0x3003c000, Size: 0x00000000, Max: 0x00003c00, ABSOLUTE)

    Execution Region ER$$.ARM.__AT_0x3003C000 (Exec base: 0x3003c000, Load base: 0x3003c000, Size: 0x00003c00, Max: 0x00003c00, ABSOLUTE, UNINIT)

    Exec Addr    Load Addr    Size         Type   Attr      Idx    E Section Name        Object

    0x3003c000        -       0x00003c00   Zero   RW         7165    .ARM.__AT_0x3003C000  malloc.o



  Load Region LR$$.ARM.__AT_0x38000000 (Base: 0x38000000, Size: 0x00000000, Max: 0x0000f000, ABSOLUTE)

    Execution Region ER$$.ARM.__AT_0x38000000 (Exec base: 0x38000000, Load base: 0x38000000, Size: 0x0000f000, Max: 0x0000f000, ABSOLUTE, UNINIT)

    Exec Addr    Load Addr    Size         Type   Attr      Idx    E Section Name        Object

    0x38000000        -       0x0000f000   Zero   RW         7166    .ARM.__AT_0x38000000  malloc.o



  Load Region LR$$.ARM.__AT_0x3800F000 (Base: 0x3800f000, Size: 0x00000000, Max: 0x00000f00, ABSOLUTE)

    Execution Region ER$$.ARM.__AT_0x3800F000 (Exec base: 0x3800f000, Load base: 0x3800f000, Size: 0x00000f00, Max: 0x00000f00, ABSOLUTE, UNINIT)

    Exec Addr    Load Addr    Size         Type   Attr      Idx    E Section Name        Object

    0x3800f000        -       0x00000f00   Zero   RW         7167    .ARM.__AT_0x3800F000  malloc.o



  Load Region LR$$.ARM.__AT_0xC0000000 (Base: 0xc0000000, Size: 0x00000000, Max: 0x0007a120, ABSOLUTE)

    Execution Region ER$$.ARM.__AT_0xC0000000 (Exec base: 0xc0000000, Load base: 0xc0000000, Size: 0x0007a120, Max: 0x0007a120, ABSOLUTE, UNINIT)

    Exec Addr    Load Addr    Size         Type   Attr      Idx    E Section Name        Object

    0xc0000000        -       0x0007a120   Zero   RW            5    .ARM.__AT_0xC0000000  main.o



  Load Region LR$$.ARM.__AT_0xC01F4000 (Base: 0xc01f4000, Size: 0x00000000, Max: 0x01c3c000, ABSOLUTE)

    Execution Region ER$$.ARM.__AT_0xC01F4000 (Exec base: 0xc01f4000, Load base: 0xc01f4000, Size: 0x01c3c000, Max: 0x01c3c000, ABSOLUTE, UNINIT)

    Exec Addr    Load Addr    Size         Type   Attr      Idx    E Section Name        Object

    0xc01f4000        -       0x01c3c000   Zero   RW         7168    .ARM.__AT_0xC01F4000  malloc.o



  Load Region LR$$.ARM.__AT_0xC1E30000 (Base: 0xc1e30000, Size: 0x00000000, Max: 0x001c3c00, ABSOLUTE)

    Execution Region ER$$.ARM.__AT_0xC1E30000 (Exec base: 0xc1e30000, Load base: 0xc1e30000, Size: 0x001c3c00, Max: 0x001c3c00, ABSOLUTE, UNINIT)

    Exec Addr    Load Addr    Size         Type   Attr      Idx    E Section Name        Object

    0xc1e30000        -       0x001c3c00   Zero   RW         7169    .ARM.__AT_0xC1E30000  malloc.o


==============================================================================

Image component sizes


      Code (inc. data)   RO Data    RW Data    ZI Data      Debug   Object Name

        62          4          0          0          0       2560   center.o
       116          8          0          4          0       2255   delay.o
         0          0         72          0       1188       3864   eventrecorder.o
        52         18          0          0          0       1609   exti.o
        48         18          0          0        376       2210   fpga_spi.o
        56          8        168          0     500264    1290358   main.o
         0          0          0          0   31978496       2685   malloc.o
       276         44          0          0        192       5196   matrix_core.o
        58         24          0          0         36       3022   rtc.o
       576         46          0          0         52       3982   sdram.o
        64         26        664          0       1536        884   startup_stm32h743xx.o
       160         32          0          9          0       4383   stm32h7xx_hal.o
       342         22          0          0          0      39893   stm32h7xx_hal_cortex.o
      1348         38          0          0          0       3712   stm32h7xx_hal_dma.o
       588         54          0          0          0       1948   stm32h7xx_hal_gpio.o
         2          0          0          0          0        510   stm32h7xx_hal_msp.o
      3048         86          0          0          0       6412   stm32h7xx_hal_rcc.o
      1212         70          0          0          0       3843   stm32h7xx_hal_rcc_ex.o
       108          4          0          0          0       1178   stm32h7xx_hal_rtc.o
        58          4          0          0          0       1838   stm32h7xx_hal_rtc_ex.o
       178          4          0          0          0       2996   stm32h7xx_hal_sdram.o
       876          6          0          0          0       5758   stm32h7xx_hal_spi.o
       734         32          0          0          0       6343   stm32h7xx_hal_tim.o
         4          0          0          0          0       1906   stm32h7xx_hal_tim_ex.o
      4368        140         48          0          0      15047   stm32h7xx_hal_uart.o
         2          0          0          0          0       1092   stm32h7xx_hal_uart_ex.o
        32          0          0          0          0       4614   stm32h7xx_it.o
       324          4          0          0          0       3720   stm32h7xx_ll_fmc.o
       556         30          0          0          0      37685   sys.o
       148         18         64          8          0       1422   system_stm32h7xx.o
        72          8          0          0       1176       2122   uarteth.o
      1308        106        108          8       1184       8632   uartlcd.o
       456         62          0          7        328       5981   usart.o
      3198       1354         40         28         64       8767   usmart.o
         0          0        107        276          0       1740   usmart_config.o
      1400         20          0          0          0       9745   usmart_str.o
        16          6          0          0          0        549   zlg7290.o

    ----------------------------------------------------------------------
     21874       2296       1304        344   32484896    1500461   Object Totals
         0          0         32          0          0          0   (incl. Generated)
        28          0          1          4          4          0   (incl. Padding)

    ----------------------------------------------------------------------

      Code (inc. data)   RO Data    RW Data    ZI Data      Debug   Library Member Name

        90          0          0          0          0          0   __dczerorl2.o
         8          0          0          0          0         68   __main.o
       392          4         17          0          0         92   __printf_flags_ss_wp.o
        14          0          0          0          0         68   __printf_wp.o
         0          0          0          0          0          0   __rtentry.o
        12          0          0          0          0          0   __rtentry2.o
         6          0          0          0          0          0   __rtentry4.o
        52          8          0          0          0          0   __scatter.o
        28          0          0          0          0          0   __scatter_zi.o
        48          4          0          0          0         84   _fptrap.o
         6          0          0          0          0          0   _printf_c.o
        44          0          0          0          0        108   _printf_char.o
        48          6          0          0          0         96   _printf_char_common.o
        36          4          0          0          0         80   _printf_char_file.o
         6          0          0          0          0          0   _printf_d.o
       120         16          0          0          0         92   _printf_dec.o
        88          4         40          0          0         88   _printf_hex_int.o
       178          0          0          0          0         88   _printf_intcommon.o
        78          0          0          0          0        108   _printf_pad.o
         0          0          0          0          0          0   _printf_percent.o
         4          0          0          0          0          0   _printf_percent_end.o
         6          0          0          0          0          0   _printf_s.o
        82          0          0          0          0         80   _printf_str.o
         6          0          0          0          0          0   _printf_u.o
         6          0          0          0          0          0   _printf_x.o
        22          0          0          0          0        100   _rserrno.o
        10          0          0          0          0         68   defsig_exit.o
       172        110          0          0          0         76   defsig_fpe_inner.o
        14          0          0          0          0         80   defsig_fpe_outer.o
        50          0          0          0          0         88   defsig_general.o
        18          0          0          0          0         80   exit.o
         8          0          0          0          0         68   ferror.o
         6          0          0          0          0        152   heapauxi.o
         0          0          0          0          0          0   indicate_semi.o
         2          0          0          0          0          0   libinit.o
         6          0          0          0          0          0   libinit2.o
         2          0          0          0          0          0   libshutdown.o
         2          0          0          0          0          0   libshutdown2.o
         8          4          0          0         96         68   libspace.o
       238          0          0          0          0        100   lludivv7m.o
        24          4          0          0          0         84   noretval__2printf.o
         8          4          0          0          0         68   rt_errno_addr_intlibspace.o
       100          0          0          0          0         80   rt_memcpy_w.o
         2          0          0          0          0          0   rtexit.o
        10          0          0          0          0          0   rtexit2.o
        74          0          0          0          0         80   sys_stackheap_outer.o
        14          0          0          0          0         76   sys_wrch.o
         2          0          0          0          0         68   use_no_semi.o
        28          0          0          0          0        116   dcheck1.o
       112          0          0          0          0        160   drenorm_clz.o
       378          0          0          0          0        168   dunder_clz.o
       492         36          0          0          0        148   except.o
        10          0          0          0          0        116   fpinit.o
       178          0          0          0          0        116   retnan.o
       276          4          0          0          0        124   scalbn_clz.o
       126          0          0          0          0        148   trapv.o
         0          0          0          0          0          0   usenofp.o
       110         60          0          0          0        580   dunder.o
        24          0          0          0          0        124   fabs.o
        48          0          0          0          0        124   fpclassify.o
       112          0          0          0          0        116   poly.o
      2296        304        136          0          0        320   pow.o
         0          0          8          0          0          0   qnan.o
       106          0          0          0          0        140   sqrt_full.o

    ----------------------------------------------------------------------
      6462        572        204          0        144       4888   Library Totals
        16          0          3          0         48          0   (incl. Padding)

    ----------------------------------------------------------------------

      Code (inc. data)   RO Data    RW Data    ZI Data      Debug   Library Name

      2150        168         57          0         96       2388   c_w.l
      1600         40          0          0          0       1096   g_wv.l
      2696        364        144          0          0       1404   m_wv.l

    ----------------------------------------------------------------------
      6462        572        204          0        144       4888   Library Totals

    ----------------------------------------------------------------------

==============================================================================


      Code (inc. data)   RO Data    RW Data    ZI Data      Debug   

     28336       2868       1508        344   32485040    1488001   Grand Totals
     28336       2868       1508         84   32485040    1488001   ELF Image Totals (compressed)
     28336       2868       1508         84          0          0   ROM Totals

==============================================================================

    Total RO  Size (Code + RO Data)                29844 (  29.14kB)
    Total RW  Size (RW Data + ZI Data)          32485384 (31724.01kB)
    Total ROM Size (Code + RO Data + RW Data)      29928 (  29.23kB)

==============================================================================

